Component: ARM Compiler 5.06 update 6 (build 750) Tool: armlink [4d35ed]

==============================================================================

Section Cross References

    startup_stm32f746xx.o(RESET) refers to startup_stm32f746xx.o(STACK) for __initial_sp
    startup_stm32f746xx.o(RESET) refers to startup_stm32f746xx.o(.text) for Reset_Handler
    startup_stm32f746xx.o(RESET) refers to stm32f7xx_it.o(i.NMI_Handler) for NMI_Handler
    startup_stm32f746xx.o(RESET) refers to stm32f7xx_it.o(i.HardFault_Handler) for HardFault_Handler
    startup_stm32f746xx.o(RESET) refers to stm32f7xx_it.o(i.MemManage_Handler) for MemManage_Handler
    startup_stm32f746xx.o(RESET) refers to stm32f7xx_it.o(i.BusFault_Handler) for BusFault_Handler
    startup_stm32f746xx.o(RESET) refers to stm32f7xx_it.o(i.UsageFault_Handler) for UsageFault_Handler
    startup_stm32f746xx.o(RESET) refers to stm32f7xx_it.o(i.SVC_Handler) for SVC_Handler
    startup_stm32f746xx.o(RESET) refers to stm32f7xx_it.o(i.DebugMon_Handler) for DebugMon_Handler
    startup_stm32f746xx.o(RESET) refers to stm32f7xx_it.o(i.PendSV_Handler) for PendSV_Handler
    startup_stm32f746xx.o(RESET) refers to stm32f7xx_it.o(i.SysTick_Handler) for SysTick_Handler
    startup_stm32f746xx.o(RESET) refers to stm32f7xx_it.o(i.DMA2_Stream0_IRQHandler) for DMA2_Stream0_IRQHandler
    startup_stm32f746xx.o(.text) refers to system_stm32f7xx.o(i.SystemInit) for SystemInit
    startup_stm32f746xx.o(.text) refers to entry.o(.ARM.Collect$$$$00000000) for __main
    stm32f7xx_nucleo_144.o(i.ADCx_Init) refers to stm32f7xx_hal_adc.o(i.HAL_ADC_GetState) for HAL_ADC_GetState
    stm32f7xx_nucleo_144.o(i.ADCx_Init) refers to stm32f7xx_hal_gpio.o(i.HAL_GPIO_Init) for HAL_GPIO_Init
    stm32f7xx_nucleo_144.o(i.ADCx_Init) refers to stm32f7xx_hal_adc.o(i.HAL_ADC_Init) for HAL_ADC_Init
    stm32f7xx_nucleo_144.o(i.ADCx_Init) refers to stm32f7xx_nucleo_144.o(.bss) for .bss
    stm32f7xx_nucleo_144.o(i.BSP_JOY_DeInit) refers to stm32f7xx_hal_adc.o(i.HAL_ADC_DeInit) for HAL_ADC_DeInit
    stm32f7xx_nucleo_144.o(i.BSP_JOY_DeInit) refers to stm32f7xx_hal_gpio.o(i.HAL_GPIO_DeInit) for HAL_GPIO_DeInit
    stm32f7xx_nucleo_144.o(i.BSP_JOY_DeInit) refers to stm32f7xx_nucleo_144.o(.bss) for .bss
    stm32f7xx_nucleo_144.o(i.BSP_JOY_GetState) refers to stm32f7xx_hal_adc.o(i.HAL_ADC_Start) for HAL_ADC_Start
    stm32f7xx_nucleo_144.o(i.BSP_JOY_GetState) refers to stm32f7xx_hal_adc.o(i.HAL_ADC_PollForConversion) for HAL_ADC_PollForConversion
    stm32f7xx_nucleo_144.o(i.BSP_JOY_GetState) refers to stm32f7xx_hal_adc.o(i.HAL_ADC_GetState) for HAL_ADC_GetState
    stm32f7xx_nucleo_144.o(i.BSP_JOY_GetState) refers to stm32f7xx_hal_adc.o(i.HAL_ADC_GetValue) for HAL_ADC_GetValue
    stm32f7xx_nucleo_144.o(i.BSP_JOY_GetState) refers to stm32f7xx_nucleo_144.o(.bss) for .bss
    stm32f7xx_nucleo_144.o(i.BSP_JOY_Init) refers to stm32f7xx_nucleo_144.o(i.ADCx_Init) for ADCx_Init
    stm32f7xx_nucleo_144.o(i.BSP_JOY_Init) refers to stm32f7xx_hal_adc.o(i.HAL_ADC_ConfigChannel) for HAL_ADC_ConfigChannel
    stm32f7xx_nucleo_144.o(i.BSP_JOY_Init) refers to stm32f7xx_nucleo_144.o(.bss) for .bss
    stm32f7xx_nucleo_144.o(i.BSP_LED_DeInit) refers to stm32f7xx_hal_gpio.o(i.HAL_GPIO_WritePin) for HAL_GPIO_WritePin
    stm32f7xx_nucleo_144.o(i.BSP_LED_DeInit) refers to stm32f7xx_hal_gpio.o(i.HAL_GPIO_DeInit) for HAL_GPIO_DeInit
    stm32f7xx_nucleo_144.o(i.BSP_LED_DeInit) refers to stm32f7xx_nucleo_144.o(.constdata) for .constdata
    stm32f7xx_nucleo_144.o(i.BSP_LED_DeInit) refers to stm32f7xx_nucleo_144.o(.data) for .data
    stm32f7xx_nucleo_144.o(i.BSP_LED_Init) refers to stm32f7xx_hal_gpio.o(i.HAL_GPIO_Init) for HAL_GPIO_Init
    stm32f7xx_nucleo_144.o(i.BSP_LED_Init) refers to stm32f7xx_hal_gpio.o(i.HAL_GPIO_WritePin) for HAL_GPIO_WritePin
    stm32f7xx_nucleo_144.o(i.BSP_LED_Init) refers to stm32f7xx_nucleo_144.o(.constdata) for .constdata
    stm32f7xx_nucleo_144.o(i.BSP_LED_Init) refers to stm32f7xx_nucleo_144.o(.data) for .data
    stm32f7xx_nucleo_144.o(i.BSP_LED_Off) refers to stm32f7xx_hal_gpio.o(i.HAL_GPIO_WritePin) for HAL_GPIO_WritePin
    stm32f7xx_nucleo_144.o(i.BSP_LED_Off) refers to stm32f7xx_nucleo_144.o(.constdata) for .constdata
    stm32f7xx_nucleo_144.o(i.BSP_LED_Off) refers to stm32f7xx_nucleo_144.o(.data) for .data
    stm32f7xx_nucleo_144.o(i.BSP_LED_On) refers to stm32f7xx_hal_gpio.o(i.HAL_GPIO_WritePin) for HAL_GPIO_WritePin
    stm32f7xx_nucleo_144.o(i.BSP_LED_On) refers to stm32f7xx_nucleo_144.o(.constdata) for .constdata
    stm32f7xx_nucleo_144.o(i.BSP_LED_On) refers to stm32f7xx_nucleo_144.o(.data) for .data
    stm32f7xx_nucleo_144.o(i.BSP_LED_Toggle) refers to stm32f7xx_hal_gpio.o(i.HAL_GPIO_TogglePin) for HAL_GPIO_TogglePin
    stm32f7xx_nucleo_144.o(i.BSP_LED_Toggle) refers to stm32f7xx_nucleo_144.o(.constdata) for .constdata
    stm32f7xx_nucleo_144.o(i.BSP_LED_Toggle) refers to stm32f7xx_nucleo_144.o(.data) for .data
[...]
    Removing arm_const_structs.o(.rodata.arm_rfft_sR_q31_len512), (24 bytes).
    Removing arm_const_structs.o(.rodata.arm_rfft_sR_q31_len1024), (24 bytes).
    Removing arm_const_structs.o(.rodata.arm_rfft_sR_q31_len2048), (24 bytes).
    Removing arm_const_structs.o(.rodata.arm_rfft_sR_q31_len4096), (24 bytes).
    Removing arm_const_structs.o(.rodata.arm_rfft_sR_q31_len8192), (24 bytes).
    Removing arm_const_structs.o(.rodata.arm_rfft_sR_q15_len32), (24 bytes).
    Removing arm_const_structs.o(.rodata.arm_rfft_sR_q15_len64), (24 bytes).
    Removing arm_const_structs.o(.rodata.arm_rfft_sR_q15_len128), (24 bytes).
    Removing arm_const_structs.o(.rodata.arm_rfft_sR_q15_len256), (24 bytes).
    Removing arm_const_structs.o(.rodata.arm_rfft_sR_q15_len512), (24 bytes).
    Removing arm_const_structs.o(.rodata.arm_rfft_sR_q15_len1024), (24 bytes).
    Removing arm_const_structs.o(.rodata.arm_rfft_sR_q15_len2048), (24 bytes).
    Removing arm_const_structs.o(.rodata.arm_rfft_sR_q15_len4096), (24 bytes).
    Removing arm_const_structs.o(.rodata.arm_rfft_sR_q15_len8192), (24 bytes).
    Removing arm_bitreversal2.o(.text), (0 bytes).
    Removing arm_bitreversal2.o(.text.arm_bitreversal_32), (76 bytes).
    Removing arm_bitreversal2.o(.ARM.exidx.text.arm_bitreversal_32), (8 bytes).
    Removing arm_bitreversal2.o(.ARM.exidx.text.arm_bitreversal_16), (8 bytes).
    Removing arm_cfft_radix4_q15.o(.text), (0 bytes).
    Removing arm_cfft_radix4_q15.o(.text.arm_cfft_radix4_q15), (56 bytes).
    Removing arm_cfft_radix4_q15.o(.ARM.exidx.text.arm_cfft_radix4_q15), (8 bytes).
    Removing arm_cfft_radix4_q15.o(.ARM.exidx.text.arm_radix4_butterfly_inverse_q15), (8 bytes).
    Removing arm_cfft_radix4_q15.o(.ARM.exidx.text.arm_radix4_butterfly_q15), (8 bytes).
    Removing arm_rfft_init_q31.o(.text), (0 bytes).
    Removing arm_rfft_init_q31.o(.text.arm_rfft_init_q31), (212 bytes).
    Removing arm_rfft_init_q31.o(.ARM.exidx.text.arm_rfft_init_q31), (8 bytes).
    Removing arm_rfft_init_q31.o(.rodata.realCoefAQ31), (32768 bytes).
    Removing arm_rfft_init_q31.o(.rodata.realCoefBQ31), (32768 bytes).
    Removing arm_common_tables.o(.text), (0 bytes).
    Removing arm_common_tables.o(.rodata.armBitRevTable), (2048 bytes).
    Removing arm_common_tables.o(.rodata.twiddleCoef_16), (128 bytes).
    Removing arm_common_tables.o(.rodata.twiddleCoef_32), (256 bytes).
    Removing arm_common_tables.o(.rodata.twiddleCoef_64), (512 bytes).
    Removing arm_common_tables.o(.rodata.twiddleCoef_128), (1024 bytes).
    Removing arm_common_tables.o(.rodata.twiddleCoef_256), (2048 bytes).
    Removing arm_common_tables.o(.rodata.twiddleCoef_512), (4096 bytes).
    Removing arm_common_tables.o(.rodata.twiddleCoef_1024), (8192 bytes).
    Removing arm_common_tables.o(.rodata.twiddleCoef_2048), (16384 bytes).
    Removing arm_common_tables.o(.rodata.twiddleCoef_4096), (32768 bytes).
    Removing arm_common_tables.o(.rodata.twiddleCoef_16_q31), (96 bytes).
    Removing arm_common_tables.o(.rodata.twiddleCoef_32_q31), (192 bytes).
    Removing arm_common_tables.o(.rodata.twiddleCoef_64_q31), (384 bytes).
    Removing arm_common_tables.o(.rodata.twiddleCoef_128_q31), (768 bytes).
    Removing arm_common_tables.o(.rodata.twiddleCoef_256_q31), (1536 bytes).
    Removing arm_common_tables.o(.rodata.twiddleCoef_512_q31), (3072 bytes).
    Removing arm_common_tables.o(.rodata.twiddleCoef_1024_q31), (6144 bytes).
    Removing arm_common_tables.o(.rodata.twiddleCoef_2048_q31), (12288 bytes).
    Removing arm_common_tables.o(.rodata.twiddleCoef_4096_q31), (24576 bytes).
    Removing arm_common_tables.o(.rodata.armRecipTableQ15), (128 bytes).
    Removing arm_common_tables.o(.rodata.armRecipTableQ31), (256 bytes).
    Removing arm_common_tables.o(.rodata.armBitRevIndexTable16), (40 bytes).
    Removing arm_common_tables.o(.rodata.armBitRevIndexTable32), (96 bytes).
    Removing arm_common_tables.o(.rodata.armBitRevIndexTable64), (112 bytes).
    Removing arm_common_tables.o(.rodata.armBitRevIndexTable128), (416 bytes).
    Removing arm_common_tables.o(.rodata.armBitRevIndexTable256), (880 bytes).
    Removing arm_common_tables.o(.rodata.armBitRevIndexTable512), (896 bytes).
    Removing arm_common_tables.o(.rodata.armBitRevIndexTable1024), (3600 bytes).
    Removing arm_common_tables.o(.rodata.armBitRevIndexTable2048), (7616 bytes).
    Removing arm_common_tables.o(.rodata.armBitRevIndexTable4096), (8064 bytes).
    Removing arm_common_tables.o(.rodata.twiddleCoef_rfft_32), (128 bytes).
    Removing arm_common_tables.o(.rodata.twiddleCoef_rfft_64), (256 bytes).
    Removing arm_common_tables.o(.rodata.twiddleCoef_rfft_128), (512 bytes).
    Removing arm_common_tables.o(.rodata.twiddleCoef_rfft_256), (1024 bytes).
    Removing arm_common_tables.o(.rodata.twiddleCoef_rfft_512), (2048 bytes).
    Removing arm_common_tables.o(.rodata.twiddleCoef_rfft_1024), (4096 bytes).
    Removing arm_common_tables.o(.rodata.twiddleCoef_rfft_2048), (8192 bytes).
    Removing arm_common_tables.o(.rodata.twiddleCoef_rfft_4096), (16384 bytes).
    Removing arm_common_tables.o(.rodata.sinTable_f32), (2052 bytes).
    Removing arm_common_tables.o(.rodata.sinTable_q31), (2052 bytes).
    Removing arm_common_tables.o(.rodata.sinTable_q15), (1026 bytes).
    Removing arm_bitreversal.o(.text), (0 bytes).
    Removing arm_bitreversal.o(.text.arm_bitreversal_f32), (186 bytes).
    Removing arm_bitreversal.o(.ARM.exidx.text.arm_bitreversal_f32), (8 bytes).
    Removing arm_bitreversal.o(.text.arm_bitreversal_q31), (152 bytes).
    Removing arm_bitreversal.o(.ARM.exidx.text.arm_bitreversal_q31), (8 bytes).
    Removing arm_bitreversal.o(.text.arm_bitreversal_q15), (110 bytes).
    Removing arm_bitreversal.o(.ARM.exidx.text.arm_bitreversal_q15), (8 bytes).

669 unused section(s) (total 287942 bytes) removed from the image.

==============================================================================

Image Symbol Table

    Local Symbols

    Symbol Name                              Value     Ov Type        Size  Object(Section)

    ../../../../../../Drivers/BSP/STM32F7xx_Nucleo_144/stm32f7xx_nucleo_144.c 0x00000000   Number         0  stm32f7xx_nucleo_144.o ABSOLUTE
    ../../../../../../Drivers/STM32F7xx_HAL_Driver/Src/stm32f7xx_hal.c 0x00000000   Number         0  stm32f7xx_hal.o ABSOLUTE
    ../../../../../../Drivers/STM32F7xx_HAL_Driver/Src/stm32f7xx_hal_adc.c 0x00000000   Number         0  stm32f7xx_hal_adc.o ABSOLUTE
    ../../../../../../Drivers/STM32F7xx_HAL_Driver/Src/stm32f7xx_hal_adc_ex.c 0x00000000   Number         0  stm32f7xx_hal_adc_ex.o ABSOLUTE
    ../../../../../../Drivers/STM32F7xx_HAL_Driver/Src/stm32f7xx_hal_cortex.c 0x00000000   Number         0  stm32f7xx_hal_cortex.o ABSOLUTE
    ../../../../../../Drivers/STM32F7xx_HAL_Driver/Src/stm32f7xx_hal_dma.c 0x00000000   Number         0  stm32f7xx_hal_dma.o ABSOLUTE
    ../../../../../../Drivers/STM32F7xx_HAL_Driver/Src/stm32f7xx_hal_gpio.c 0x00000000   Number         0  stm32f7xx_hal_gpio.o ABSOLUTE
    ../../../../../../Drivers/STM32F7xx_HAL_Driver/Src/stm32f7xx_hal_i2c.c 0x00000000   Number         0  stm32f7xx_hal_i2c.o ABSOLUTE
    ../../../../../../Drivers/STM32F7xx_HAL_Driver/Src/stm32f7xx_hal_i2c_ex.c 0x00000000   Number         0  stm32f7xx_hal_i2c_ex.o ABSOLUTE
    ../../../../../../Drivers/STM32F7xx_HAL_Driver/Src/stm32f7xx_hal_pwr_ex.c 0x00000000   Number         0  stm32f7xx_hal_pwr_ex.o ABSOLUTE
    ../../../../../../Drivers/STM32F7xx_HAL_Driver/Src/stm32f7xx_hal_rcc.c 0x00000000   Number         0  stm32f7xx_hal_rcc.o ABSOLUTE
    ../../../../../../Drivers/STM32F7xx_HAL_Driver/Src/stm32f7xx_hal_rcc_ex.c 0x00000000   Number         0  stm32f7xx_hal_rcc_ex.o ABSOLUTE
    ../../../../../../Drivers/STM32F7xx_HAL_Driver/Src/stm32f7xx_hal_uart.c 0x00000000   Number         0  stm32f7xx_hal_uart.o ABSOLUTE
    ../Src/main.c                            0x00000000   Number         0  main.o ABSOLUTE
    ../Src/stm32f7xx_hal_msp.c               0x00000000   Number         0  stm32f7xx_hal_msp.o ABSOLUTE
    ../Src/stm32f7xx_it.c                    0x00000000   Number         0  stm32f7xx_it.o ABSOLUTE
    ../Src/system_stm32f7xx.c                0x00000000   Number         0  system_stm32f7xx.o ABSOLUTE
    ../clib/microlib/division.c              0x00000000   Number         0  uldiv.o ABSOLUTE
    ../clib/microlib/init/entry.s            0x00000000   Number         0  entry2.o ABSOLUTE
    ../clib/microlib/init/entry.s            0x00000000   Number         0  entry7a.o ABSOLUTE
    ../clib/microlib/init/entry.s            0x00000000   Number         0  entry9a.o ABSOLUTE
    ../clib/microlib/init/entry.s            0x00000000   Number         0  entry7b.o ABSOLUTE
    ../clib/microlib/init/entry.s            0x00000000   Number         0  entry9b.o ABSOLUTE
    ../clib/microlib/init/entry.s            0x00000000   Number         0  entry10a.o ABSOLUTE
    ../clib/microlib/init/entry.s            0x00000000   Number         0  entry10b.o ABSOLUTE
    ../clib/microlib/init/entry.s            0x00000000   Number         0  entry8a.o ABSOLUTE
    ../clib/microlib/init/entry.s            0x00000000   Number         0  entry11a.o ABSOLUTE
    ../clib/microlib/init/entry.s            0x00000000   Number         0  entry11b.o ABSOLUTE
    ../clib/microlib/init/entry.s            0x00000000   Number         0  entry8b.o ABSOLUTE
    ../clib/microlib/init/entry.s            0x00000000   Number         0  entry5.o ABSOLUTE
    ../clib/microlib/init/entry.s            0x00000000   Number         0  entry.o ABSOLUTE
    ../clib/microlib/longlong.c              0x00000000   Number         0  llsshr.o ABSOLUTE
    ../clib/microlib/longlong.c              0x00000000   Number         0  llushr.o ABSOLUTE
    ../clib/microlib/longlong.c              0x00000000   Number         0  llshl.o ABSOLUTE
    ../clib/microlib/string/memset.c         0x00000000   Number         0  memseta.o ABSOLUTE
    ../clib/microlib/stubs.s                 0x00000000   Number         0  iusefp.o ABSOLUTE
    ../fplib/microlib/f2d.c                  0x00000000   Number         0  f2d.o ABSOLUTE
    ../fplib/microlib/fpadd.c                0x00000000   Number         0  dadd.o ABSOLUTE
    ../fplib/microlib/fpepilogue.c           0x00000000   Number         0  depilogue.o ABSOLUTE
    ../fplib/microlib/fpfix.c                0x00000000   Number         0  dfixui.o ABSOLUTE
    ../fplib/microlib/fprnd.c                0x00000000   Number         0  drnd.o ABSOLUTE
    ../mathlib/round.c                       0x00000000   Number         0  round.o ABSOLUTE
    ..\..\..\..\..\..\Drivers\BSP\STM32F7xx_Nucleo_144\stm32f7xx_nucleo_144.c 0x00000000   Number         0  stm32f7xx_nucleo_144.o ABSOLUTE
    ..\..\..\..\..\..\Drivers\STM32F7xx_HAL_Driver\Src\stm32f7xx_hal.c 0x00000000   Number         0  stm32f7xx_hal.o ABSOLUTE
    ..\..\..\..\..\..\Drivers\STM32F7xx_HAL_Driver\Src\stm32f7xx_hal_adc.c 0x00000000   Number         0  stm32f7xx_hal_adc.o ABSOLUTE
    ..\..\..\..\..\..\Drivers\STM32F7xx_HAL_Driver\Src\stm32f7xx_hal_adc_ex.c 0x00000000   Number         0  stm32f7xx_hal_adc_ex.o ABSOLUTE
    ..\..\..\..\..\..\Drivers\STM32F7xx_HAL_Driver\Src\stm32f7xx_hal_cortex.c 0x00000000   Number         0  stm32f7xx_hal_cortex.o ABSOLUTE
    ..\..\..\..\..\..\Drivers\STM32F7xx_HAL_Driver\Src\stm32f7xx_hal_dma.c 0x00000000   Number         0  stm32f7xx_hal_dma.o ABSOLUTE
    ..\..\..\..\..\..\Drivers\STM32F7xx_HAL_Driver\Src\stm32f7xx_hal_gpio.c 0x00000000   Number         0  stm32f7xx_hal_gpio.o ABSOLUTE
    ..\..\..\..\..\..\Drivers\STM32F7xx_HAL_Driver\Src\stm32f7xx_hal_i2c.c 0x00000000   Number         0  stm32f7xx_hal_i2c.o ABSOLUTE
    ..\..\..\..\..\..\Drivers\STM32F7xx_HAL_Driver\Src\stm32f7xx_hal_i2c_ex.c 0x00000000   Number         0  stm32f7xx_hal_i2c_ex.o ABSOLUTE
    ..\..\..\..\..\..\Drivers\STM32F7xx_HAL_Driver\Src\stm32f7xx_hal_pwr_ex.c 0x00000000   Number         0  stm32f7xx_hal_pwr_ex.o ABSOLUTE
    ..\..\..\..\..\..\Drivers\STM32F7xx_HAL_Driver\Src\stm32f7xx_hal_rcc.c 0x00000000   Number         0  stm32f7xx_hal_rcc.o ABSOLUTE
    ..\..\..\..\..\..\Drivers\STM32F7xx_HAL_Driver\Src\stm32f7xx_hal_rcc_ex.c 0x00000000   Number         0  stm32f7xx_hal_rcc_ex.o ABSOLUTE
    ..\..\..\..\..\..\Drivers\STM32F7xx_HAL_Driver\Src\stm32f7xx_hal_spi.c 0x00000000   Number         0  stm32f7xx_hal_spi.o ABSOLUTE
    ..\..\..\..\..\..\Drivers\STM32F7xx_HAL_Driver\Src\stm32f7xx_hal_spi_ex.c 0x00000000   Number         0  stm32f7xx_hal_spi_ex.o ABSOLUTE
    ..\..\..\..\..\..\Drivers\STM32F7xx_HAL_Driver\Src\stm32f7xx_hal_tim.c 0x00000000   Number         0  stm32f7xx_hal_tim.o ABSOLUTE
    ..\..\..\..\..\..\Drivers\STM32F7xx_HAL_Driver\Src\stm32f7xx_hal_tim_ex.c 0x00000000   Number         0  stm32f7xx_hal_tim_ex.o ABSOLUTE
    ..\..\..\..\..\..\Drivers\STM32F7xx_HAL_Driver\Src\stm32f7xx_hal_uart.c 0x00000000   Number         0  stm32f7xx_hal_uart.o ABSOLUTE
    ..\Src\main.c                            0x00000000   Number         0  main.o ABSOLUTE
    ..\Src\stm32f7xx_hal_msp.c               0x00000000   Number         0  stm32f7xx_hal_msp.o ABSOLUTE
    ..\Src\stm32f7xx_it.c                    0x00000000   Number         0  stm32f7xx_it.o ABSOLUTE
    ..\Src\system_stm32f7xx.c                0x00000000   Number         0  system_stm32f7xx.o ABSOLUTE
    ..\\..\\..\\..\\..\\..\\Drivers\\STM32F7xx_HAL_Driver\\Src\\stm32f7xx_hal_spi.c 0x00000000   Number         0  stm32f7xx_hal_spi.o ABSOLUTE
    ..\\..\\..\\..\\..\\..\\Drivers\\STM32F7xx_HAL_Driver\\Src\\stm32f7xx_hal_spi_ex.c 0x00000000   Number         0  stm32f7xx_hal_spi_ex.o ABSOLUTE
    ..\\..\\..\\..\\..\\..\\Drivers\\STM32F7xx_HAL_Driver\\Src\\stm32f7xx_hal_tim.c 0x00000000   Number         0  stm32f7xx_hal_tim.o ABSOLUTE
    ..\\..\\..\\..\\..\\..\\Drivers\\STM32F7xx_HAL_Driver\\Src\\stm32f7xx_hal_tim_ex.c 0x00000000   Number         0  stm32f7xx_hal_tim_ex.o ABSOLUTE
    ..\\tuner\\oled.c                        0x00000000   Number         0  oled.o ABSOLUTE
    ..\tuner\notes.c                         0x00000000   Number         0  notes.o ABSOLUTE
    ..\tuner\oled.c                          0x00000000   Number         0  oled.o ABSOLUTE
    arm_bitreversal.c                        0x00000000   Number         0  arm_bitreversal.o ABSOLUTE
    arm_bitreversal2.c                       0x00000000   Number         0  arm_bitreversal2.o ABSOLUTE
    arm_cfft_q15.c                           0x00000000   Number         0  arm_cfft_q15.o ABSOLUTE
    arm_cfft_radix4_q15.c                    0x00000000   Number         0  arm_cfft_radix4_q15.o ABSOLUTE
    arm_common_tables.c                      0x00000000   Number         0  arm_common_tables.o ABSOLUTE
    arm_const_structs.c                      0x00000000   Number         0  arm_const_structs.o ABSOLUTE
    arm_fir_decimate_fast_q15.c              0x00000000   Number         0  arm_fir_decimate_fast_q15.o ABSOLUTE
    arm_fir_decimate_init_q15.c              0x00000000   Number         0  arm_fir_decimate_init_q15.o ABSOLUTE
    arm_rfft_init_q15.c                      0x00000000   Number         0  arm_rfft_init_q15.o ABSOLUTE
    arm_rfft_init_q31.c                      0x00000000   Number         0  arm_rfft_init_q31.o ABSOLUTE
    cdcmple.s                                0x00000000   Number         0  cdcmple.o ABSOLUTE
    cdrcmple.s                               0x00000000   Number         0  cdrcmple.o ABSOLUTE
    dc.s                                     0x00000000   Number         0  dc.o ABSOLUTE
    handlers.s                               0x00000000   Number         0  handlers.o ABSOLUTE
    init.s                                   0x00000000   Number         0  init.o ABSOLUTE
    startup_stm32f746xx.s                    0x00000000   Number         0  startup_stm32f746xx.o ABSOLUTE
    RESET                                    0x08000000   Section      456  startup_stm32f746xx.o(RESET)
    .ARM.Collect$$$$00000000                 0x080001c8   Section        0  entry.o(.ARM.Collect$$$$00000000)
    .ARM.Collect$$$$00000001                 0x080001c8   Section        4  entry2.o(.ARM.Collect$$$$00000001)
    .ARM.Collect$$$$00000004                 0x080001cc   Section        4  entry5.o(.ARM.Collect$$$$00000004)
    .ARM.Collect$$$$00000008                 0x080001d0   Section        0  entry7b.o(.ARM.Collect$$$$00000008)
    .ARM.Collect$$$$0000000A                 0x080001d0   Section        0  entry8b.o(.ARM.Collect$$$$0000000A)
    .ARM.Collect$$$$0000000B                 0x080001d0   Section        8  entry9a.o(.ARM.Collect$$$$0000000B)
    .ARM.Collect$$$$0000000D                 0x080001d8   Section        0  entry10a.o(.ARM.Collect$$$$0000000D)
    .ARM.Collect$$$$0000000F                 0x080001d8   Section        0  entry11a.o(.ARM.Collect$$$$0000000F)
    .ARM.Collect$$$$00002712                 0x080001d8   Section        4  entry2.o(.ARM.Collect$$$$00002712)
    __lit__00000000                          0x080001d8   Data           4  entry2.o(.ARM.Collect$$$$00002712)
    .text                                    0x080001dc   Section       36  startup_stm32f746xx.o(.text)
    $v0                                      0x080001dc   Number         0  startup_stm32f746xx.o(.text)
    .text                                    0x08000200   Section        0  uldiv.o(.text)
    .text                                    0x08000262   Section        0  memseta.o(.text)
    .text                                    0x08000286   Section        0  dfixui.o(.text)
    .text                                    0x080002b8   Section        0  f2d.o(.text)
    .text                                    0x080002de   Section        0  llshl.o(.text)
    .text                                    0x080002fc   Section        0  llushr.o(.text)
    .text                                    0x0800031c   Section        0  iusefp.o(.text)
    .text                                    0x0800031c   Section        0  dadd.o(.text)
    .text                                    0x0800046c   Section        0  drnd.o(.text)
    .text                                    0x080004f4   Section       48  cdcmple.o(.text)
    .text                                    0x08000524   Section       48  cdrcmple.o(.text)
    .text                                    0x08000554   Section       36  init.o(.text)
    .text                                    0x08000578   Section        0  llsshr.o(.text)
    .text                                    0x0800059c   Section        0  depilogue.o(.text)
    [Anonymous Symbol]                       0x08000658   Section        0  arm_bitreversal2.o(.text.arm_bitreversal_16)
    [Anonymous Symbol]                       0x080006a2   Section        0  arm_cfft_q15.o(.text.arm_cfft_q15)
    [Anonymous Symbol]                       0x08000780   Section        0  arm_cfft_q15.o(.text.arm_cfft_radix4by2_inverse_q15)
    [Anonymous Symbol]                       0x08000848   Section        0  arm_cfft_q15.o(.text.arm_cfft_radix4by2_q15)
    [Anonymous Symbol]                       0x08000910   Section        0  arm_fir_decimate_fast_q15.o(.text.arm_fir_decimate_fast_q15)
    [Anonymous Symbol]                       0x08000b42   Section        0  arm_fir_decimate_init_q15.o(.text.arm_fir_decimate_init_q15)
    [Anonymous Symbol]                       0x08000b7c   Section        0  arm_cfft_radix4_q15.o(.text.arm_radix4_butterfly_inverse_q15)
    [Anonymous Symbol]                       0x08000dbc   Section        0  arm_cfft_radix4_q15.o(.text.arm_radix4_butterfly_q15)
    [Anonymous Symbol]                       0x08000ffc   Section        0  arm_rfft_init_q15.o(.text.arm_rfft_init_q15)
    i.ADC_Config                             0x080010d0   Section        0  main.o(i.ADC_Config)
    ADC_Config                               0x080010d1   Thumb Code    82  main.o(i.ADC_Config)
    i.ADC_DMAConvCplt                        0x0800112c   Section        0  stm32f7xx_hal_adc.o(i.ADC_DMAConvCplt)
    ADC_DMAConvCplt                          0x0800112d   Thumb Code   110  stm32f7xx_hal_adc.o(i.ADC_DMAConvCplt)
    i.ADC_DMAError                           0x0800119a   Section        0  stm32f7xx_hal_adc.o(i.ADC_DMAError)
    ADC_DMAError                             0x0800119b   Thumb Code    22  stm32f7xx_hal_adc.o(i.ADC_DMAError)
    i.ADC_DMAHalfConvCplt                    0x080011b0   Section        0  stm32f7xx_hal_adc.o(i.ADC_DMAHalfConvCplt)
    ADC_DMAHalfConvCplt                      0x080011b1   Thumb Code    10  stm32f7xx_hal_adc.o(i.ADC_DMAHalfConvCplt)
    i.ADC_Init                               0x080011bc   Section        0  stm32f7xx_hal_adc.o(i.ADC_Init)
    ADC_Init                                 0x080011bd   Thumb Code   298  stm32f7xx_hal_adc.o(i.ADC_Init)
    i.BSP_LED_Init                           0x080012f4   Section        0  stm32f7xx_nucleo_144.o(i.BSP_LED_Init)
    i.BSP_LED_Toggle                         0x0800134c   Section        0  stm32f7xx_nucleo_144.o(i.BSP_LED_Toggle)
    i.BusFault_Handler                       0x08001364   Section        0  stm32f7xx_it.o(i.BusFault_Handler)
    i.CPU_CACHE_Enable                       0x08001368   Section        0  main.o(i.CPU_CACHE_Enable)
    CPU_CACHE_Enable                         0x08001369   Thumb Code   128  main.o(i.CPU_CACHE_Enable)
    i.DMA2_Stream0_IRQHandler                0x080013f0   Section        0  stm32f7xx_it.o(i.DMA2_Stream0_IRQHandler)
    i.DMA_CalcBaseAndBitshift                0x08001414   Section        0  stm32f7xx_hal_dma.o(i.DMA_CalcBaseAndBitshift)
    DMA_CalcBaseAndBitshift                  0x08001415   Thumb Code    34  stm32f7xx_hal_dma.o(i.DMA_CalcBaseAndBitshift)
    i.DMA_CheckFifoParam                     0x0800143c   Section        0  stm32f7xx_hal_dma.o(i.DMA_CheckFifoParam)
    DMA_CheckFifoParam                       0x0800143d   Thumb Code    84  stm32f7xx_hal_dma.o(i.DMA_CheckFifoParam)
    i.DMA_SetConfig                          0x08001490   Section        0  stm32f7xx_hal_dma.o(i.DMA_SetConfig)
    DMA_SetConfig                            0x08001491   Thumb Code    40  stm32f7xx_hal_dma.o(i.DMA_SetConfig)
    i.DebugMon_Handler                       0x080014b8   Section        0  stm32f7xx_it.o(i.DebugMon_Handler)
    i.Error_Handler                          0x080014ba   Section        0  main.o(i.Error_Handler)
    Error_Handler                            0x080014bb   Thumb Code    14  main.o(i.Error_Handler)
    i.GPIO_Config                            0x080014c8   Section        0  main.o(i.GPIO_Config)
    GPIO_Config                              0x080014c9   Thumb Code   160  main.o(i.GPIO_Config)
    i.HAL_ADC_ConfigChannel                  0x08001570   Section        0  stm32f7xx_hal_adc.o(i.HAL_ADC_ConfigChannel)
    i.HAL_ADC_ConvCpltCallback               0x080016d4   Section        0  stm32f7xx_hal_adc.o(i.HAL_ADC_ConvCpltCallback)
    i.HAL_ADC_ConvHalfCpltCallback           0x080016d6   Section        0  stm32f7xx_hal_adc.o(i.HAL_ADC_ConvHalfCpltCallback)
    i.HAL_ADC_ErrorCallback                  0x080016d8   Section        0  stm32f7xx_hal_adc.o(i.HAL_ADC_ErrorCallback)
    i.HAL_ADC_Init                           0x080016da   Section        0  stm32f7xx_hal_adc.o(i.HAL_ADC_Init)
    i.HAL_ADC_MspInit                        0x08001730   Section        0  stm32f7xx_hal_msp.o(i.HAL_ADC_MspInit)
    i.HAL_ADC_Start_DMA                      0x080017d8   Section        0  stm32f7xx_hal_adc.o(i.HAL_ADC_Start_DMA)
    i.HAL_DMA_IRQHandler                     0x080018f8   Section        0  stm32f7xx_hal_dma.o(i.HAL_DMA_IRQHandler)
    i.HAL_DMA_Init                           0x08001a98   Section        0  stm32f7xx_hal_dma.o(i.HAL_DMA_Init)
    i.HAL_DMA_Start_IT                       0x08001b7c   Section        0  stm32f7xx_hal_dma.o(i.HAL_DMA_Start_IT)
    i.HAL_Delay                              0x08001bf8   Section        0  stm32f7xx_hal.o(i.HAL_Delay)
    i.HAL_GPIO_Init                          0x08001c1c   Section        0  stm32f7xx_hal_gpio.o(i.HAL_GPIO_Init)
    i.HAL_GPIO_TogglePin                     0x08001df4   Section        0  stm32f7xx_hal_gpio.o(i.HAL_GPIO_TogglePin)
    i.HAL_GPIO_WritePin                      0x08001e02   Section        0  stm32f7xx_hal_gpio.o(i.HAL_GPIO_WritePin)
    i.HAL_GetTick                            0x08001e0c   Section        0  stm32f7xx_hal.o(i.HAL_GetTick)
    i.HAL_IncTick                            0x08001e18   Section        0  stm32f7xx_hal.o(i.HAL_IncTick)
    i.HAL_Init                               0x08001e28   Section        0  stm32f7xx_hal.o(i.HAL_Init)
    i.HAL_InitTick                           0x08001e54   Section        0  stm32f7xx_hal.o(i.HAL_InitTick)
    i.HAL_MspInit                            0x08001e94   Section        0  stm32f7xx_hal.o(i.HAL_MspInit)
    i.HAL_NVIC_EnableIRQ                     0x08001e96   Section        0  stm32f7xx_hal_cortex.o(i.HAL_NVIC_EnableIRQ)
    i.HAL_NVIC_SetPriority                   0x08001eb0   Section        0  stm32f7xx_hal_cortex.o(i.HAL_NVIC_SetPriority)
    i.HAL_NVIC_SetPriorityGrouping           0x08001ef0   Section        0  stm32f7xx_hal_cortex.o(i.HAL_NVIC_SetPriorityGrouping)
    i.HAL_PWREx_EnableOverDrive              0x08001f14   Section        0  stm32f7xx_hal_pwr_ex.o(i.HAL_PWREx_EnableOverDrive)
    i.HAL_RCCEx_PeriphCLKConfig              0x08001f80   Section        0  stm32f7xx_hal_rcc_ex.o(i.HAL_RCCEx_PeriphCLKConfig)
    i.HAL_RCC_ClockConfig                    0x0800247c   Section        0  stm32f7xx_hal_rcc.o(i.HAL_RCC_ClockConfig)
    i.HAL_RCC_GetPCLK1Freq                   0x080025a8   Section        0  stm32f7xx_hal_rcc.o(i.HAL_RCC_GetPCLK1Freq)
    i.HAL_RCC_GetPCLK2Freq                   0x080025c8   Section        0  stm32f7xx_hal_rcc.o(i.HAL_RCC_GetPCLK2Freq)
    i.HAL_RCC_GetSysClockFreq                0x080025e8   Section        0  stm32f7xx_hal_rcc.o(i.HAL_RCC_GetSysClockFreq)
    i.HAL_RCC_OscConfig                      0x08002648   Section        0  stm32f7xx_hal_rcc.o(i.HAL_RCC_OscConfig)
    i.HAL_SPI_Init                           0x08002980   Section        0  stm32f7xx_hal_spi.o(i.HAL_SPI_Init)
    i.HAL_SPI_MspInit                        0x08002a5c   Section        0  stm32f7xx_hal_msp.o(i.HAL_SPI_MspInit)
    i.HAL_SPI_Transmit                       0x08002ae8   Section        0  stm32f7xx_hal_spi.o(i.HAL_SPI_Transmit)
    i.HAL_SYSTICK_Config                     0x08002c92   Section        0  stm32f7xx_hal_cortex.o(i.HAL_SYSTICK_Config)
    i.HAL_TIMEx_MasterConfigSynchronization  0x08002cb8   Section        0  stm32f7xx_hal_tim_ex.o(i.HAL_TIMEx_MasterConfigSynchronization)
    i.HAL_TIM_Base_Init                      0x08002d18   Section        0  stm32f7xx_hal_tim.o(i.HAL_TIM_Base_Init)
    i.HAL_TIM_Base_MspInit                   0x08002d50   Section        0  stm32f7xx_hal_msp.o(i.HAL_TIM_Base_MspInit)
    i.HAL_TIM_Base_Start                     0x08002d6c   Section        0  stm32f7xx_hal_tim.o(i.HAL_TIM_Base_Start)
    i.HAL_UART_Init                          0x08002d9c   Section        0  stm32f7xx_hal_uart.o(i.HAL_UART_Init)
    i.HAL_UART_MspInit                       0x08002e04   Section        0  stm32f7xx_hal_msp.o(i.HAL_UART_MspInit)
    i.HardFault_Handler                      0x08002e84   Section        0  stm32f7xx_it.o(i.HardFault_Handler)
    i.MemManage_Handler                      0x08002e86   Section        0  stm32f7xx_it.o(i.MemManage_Handler)
    i.NMI_Handler                            0x08002e88   Section        0  stm32f7xx_it.o(i.NMI_Handler)
    i.OLED_Clear                             0x08002e8c   Section        0  oled.o(i.OLED_Clear)
    i.OLED_Command                           0x08002ed0   Section        0  oled.o(i.OLED_Command)
    i.OLED_Data                              0x08002f08   Section        0  oled.o(i.OLED_Data)
    i.OLED_Initialize                        0x08002f40   Section        0  oled.o(i.OLED_Initialize)
    i.OLED_Putchar                           0x08003000   Section        0  oled.o(i.OLED_Putchar)
    i.OLED_SetColumn                         0x080030ec   Section        0  oled.o(i.OLED_SetColumn)
    i.OLED_SetRow                            0x08003108   Section        0  oled.o(i.OLED_SetRow)
    i.OLED_SetScale                          0x08003110   Section        0  oled.o(i.OLED_SetScale)
    i.OLED_Write3DigitNum                    0x0800311c   Section        0  oled.o(i.OLED_Write3DigitNum)
    i.PendSV_Handler                         0x0800317c   Section        0  stm32f7xx_it.o(i.PendSV_Handler)
    i.SPI_Config                             0x08003180   Section        0  main.o(i.SPI_Config)
    SPI_Config                               0x08003181   Thumb Code    64  main.o(i.SPI_Config)
    i.SPI_EndRxTxTransaction                 0x080031c8   Section        0  stm32f7xx_hal_spi.o(i.SPI_EndRxTxTransaction)
    SPI_EndRxTxTransaction                   0x080031c9   Thumb Code    72  stm32f7xx_hal_spi.o(i.SPI_EndRxTxTransaction)
    i.SPI_Transmit                           0x08003210   Section        0  main.o(i.SPI_Transmit)
    i.SPI_WaitFifoStateUntilTimeout          0x08003238   Section        0  stm32f7xx_hal_spi.o(i.SPI_WaitFifoStateUntilTimeout)
    SPI_WaitFifoStateUntilTimeout            0x08003239   Thumb Code   150  stm32f7xx_hal_spi.o(i.SPI_WaitFifoStateUntilTimeout)
    i.SPI_WaitFlagStateUntilTimeout          0x080032ce   Section        0  stm32f7xx_hal_spi.o(i.SPI_WaitFlagStateUntilTimeout)
    SPI_WaitFlagStateUntilTimeout            0x080032cf   Thumb Code   148  stm32f7xx_hal_spi.o(i.SPI_WaitFlagStateUntilTimeout)
    i.SVC_Handler                            0x08003362   Section        0  stm32f7xx_it.o(i.SVC_Handler)
    i.SysTick_Handler                        0x08003364   Section        0  stm32f7xx_it.o(i.SysTick_Handler)
    i.SystemClock_Config                     0x08003368   Section        0  main.o(i.SystemClock_Config)
    i.SystemInit                             0x080033cc   Section        0  system_stm32f7xx.o(i.SystemInit)
    i.TIM_Base_SetConfig                     0x08003420   Section        0  stm32f7xx_hal_tim.o(i.TIM_Base_SetConfig)
    i.TIM_Config                             0x080034ec   Section        0  main.o(i.TIM_Config)
    TIM_Config                               0x080034ed   Thumb Code    60  main.o(i.TIM_Config)
    i.UART_AdvFeatureConfig                  0x08003530   Section        0  stm32f7xx_hal_uart.o(i.UART_AdvFeatureConfig)
    i.UART_CheckIdleState                    0x080035f8   Section        0  stm32f7xx_hal_uart.o(i.UART_CheckIdleState)
    i.UART_SetConfig                         0x08003634   Section        0  stm32f7xx_hal_uart.o(i.UART_SetConfig)
    i.UART_WaitOnFlagUntilTimeout            0x08003888   Section        0  stm32f7xx_hal_uart.o(i.UART_WaitOnFlagUntilTimeout)
    i.UsageFault_Handler                     0x080038e8   Section        0  stm32f7xx_it.o(i.UsageFault_Handler)
    i.__NVIC_SetPriority                     0x080038ea   Section        0  stm32f7xx_hal_cortex.o(i.__NVIC_SetPriority)
    __NVIC_SetPriority                       0x080038eb   Thumb Code    34  stm32f7xx_hal_cortex.o(i.__NVIC_SetPriority)
    i.__hardfp_round                         0x08003910   Section        0  round.o(i.__hardfp_round)
    i.__scatterload_copy                     0x080039f0   Section       14  handlers.o(i.__scatterload_copy)
    i.__scatterload_null                     0x080039fe   Section        2  handlers.o(i.__scatterload_null)
    i.__scatterload_zeroinit                 0x08003a00   Section       14  handlers.o(i.__scatterload_zeroinit)
    i.findClosestNote                        0x08003a10   Section        0  notes.o(i.findClosestNote)
    i.getClosest                             0x08003aec   Section        0  notes.o(i.getClosest)
    i.main                                   0x08003b10   Section        0  main.o(i.main)
    .constdata                               0x08003d04   Section       10  stm32f7xx_nucleo_144.o(.constdata)
    .constdata                               0x08003d0e   Section       16  system_stm32f7xx.o(.constdata)
    .constdata                               0x08003d1e   Section        8  system_stm32f7xx.o(.constdata)
    .constdata                               0x08003d26   Section        8  stm32f7xx_hal_dma.o(.constdata)
    flagBitshiftOffset                       0x08003d26   Data           8  stm32f7xx_hal_dma.o(.constdata)
    .constdata                               0x08003d2e   Section       60  main.o(.constdata)
    .constdata                               0x08003d6a   Section      154  notes.o(.constdata)
    .constdata                               0x08003e04   Section      308  notes.o(.constdata)
    .constdata                               0x08003f38   Section      475  oled.o(.constdata)
    .data                                    0x20000000   Section       20  stm32f7xx_nucleo_144.o(.data)
    .data                                    0x20000014   Section        4  system_stm32f7xx.o(.data)
    .data                                    0x20000018   Section       12  stm32f7xx_hal.o(.data)
    .data                                    0x20000024   Section        2  main.o(.data)
    .data                                    0x20000026   Section        1  notes.o(.data)
    .data                                    0x20000027   Section        4  oled.o(.data)
    _sx                                      0x20000027   Data           1  oled.o(.data)
    _sy                                      0x20000028   Data           1  oled.o(.data)
    _x                                       0x20000029   Data           1  oled.o(.data)
    _y                                       0x2000002a   Data           1  oled.o(.data)
    .bss                                     0x2000002c   Section       96  stm32f7xx_hal_msp.o(.bss)
    hdma_adc                                 0x2000002c   Data          96  stm32f7xx_hal_msp.o(.bss)
    .bss                                     0x2000008c   Section    114744  main.o(.bss)
    tim_trig                                 0x2001bf4c   Data          12  main.o(.bss)
    STACK                                    0x2001c0c8   Section     1024  startup_stm32f746xx.o(STACK)

    Global Symbols

    Symbol Name                              Value     Ov Type        Size  Object(Section)

    BuildAttributes$$THM_ISAv4$E$P$D$K$B$S$7EM$VFPi5$EXTD16$VFPS$VFMA$PE$PLD8$A:L22UL41UL21$X:L11$S22US41US21$IEEE1$IW$USESV6$~STKCKD$USESV7$~SHL$OTIME$ROPI$IEEEJ$EBA8$MICROLIB$REQ8$PRES8$EABIv2 0x00000000   Number         0  anon$$obj.o ABSOLUTE
    __ARM_use_no_argv                        0x00000000   Number         0  main.o ABSOLUTE
    __cpp_initialize__aeabi_                  - Undefined Weak Reference
    __cxa_finalize                            - Undefined Weak Reference
    __decompress                              - Undefined Weak Reference
    _clock_init                               - Undefined Weak Reference
    _microlib_exit                            - Undefined Weak Reference
    __Vectors_Size                           0x000001c8   Number         0  startup_stm32f746xx.o ABSOLUTE
    __Vectors                                0x08000000   Data           4  startup_stm32f746xx.o(RESET)
    __Vectors_End                            0x080001c8   Data           0  startup_stm32f746xx.o(RESET)
    __main                                   0x080001c9   Thumb Code     0  entry.o(.ARM.Collect$$$$00000000)
    _main_stk                                0x080001c9   Thumb Code     0  entry2.o(.ARM.Collect$$$$00000001)
    _main_scatterload                        0x080001cd   Thumb Code     0  entry5.o(.ARM.Collect$$$$00000004)
    __main_after_scatterload                 0x080001d1   Thumb Code     0  entry5.o(.ARM.Collect$$$$00000004)
    _main_clock                              0x080001d1   Thumb Code     0  entry7b.o(.ARM.Collect$$$$00000008)
    _main_cpp_init                           0x080001d1   Thumb Code     0  entry8b.o(.ARM.Collect$$$$0000000A)
    _main_init                               0x080001d1   Thumb Code     0  entry9a.o(.ARM.Collect$$$$0000000B)
    __rt_final_cpp                           0x080001d9   Thumb Code     0  entry10a.o(.ARM.Collect$$$$0000000D)
    __rt_final_exit                          0x080001d9   Thumb Code     0  entry11a.o(.ARM.Collect$$$$0000000F)
    Reset_Handler                            0x080001dd   Thumb Code     8  startup_stm32f746xx.o(.text)
    ADC_IRQHandler                           0x080001f7   Thumb Code     0  startup_stm32f746xx.o(.text)
    CAN1_RX0_IRQHandler                      0x080001f7   Thumb Code     0  startup_stm32f746xx.o(.text)
    CAN1_RX1_IRQHandler                      0x080001f7   Thumb Code     0  startup_stm32f746xx.o(.text)
    CAN1_SCE_IRQHandler                      0x080001f7   Thumb Code     0  startup_stm32f746xx.o(.text)
    CAN1_TX_IRQHandler                       0x080001f7   Thumb Code     0  startup_stm32f746xx.o(.text)
    CAN2_RX0_IRQHandler                      0x080001f7   Thumb Code     0  startup_stm32f746xx.o(.text)
    CAN2_RX1_IRQHandler                      0x080001f7   Thumb Code     0  startup_stm32f746xx.o(.text)
    CAN2_SCE_IRQHandler                      0x080001f7   Thumb Code     0  startup_stm32f746xx.o(.text)
    CAN2_TX_IRQHandler                       0x080001f7   Thumb Code     0  startup_stm32f746xx.o(.text)
    CEC_IRQHandler                           0x080001f7   Thumb Code     0  startup_stm32f746xx.o(.text)
    DCMI_IRQHandler                          0x080001f7   Thumb Code     0  startup_stm32f746xx.o(.text)
    DMA1_Stream0_IRQHandler                  0x080001f7   Thumb Code     0  startup_stm32f746xx.o(.text)
    DMA1_Stream1_IRQHandler                  0x080001f7   Thumb Code     0  startup_stm32f746xx.o(.text)
    DMA1_Stream2_IRQHandler                  0x080001f7   Thumb Code     0  startup_stm32f746xx.o(.text)
    DMA1_Stream3_IRQHandler                  0x080001f7   Thumb Code     0  startup_stm32f746xx.o(.text)
    DMA1_Stream4_IRQHandler                  0x080001f7   Thumb Code     0  startup_stm32f746xx.o(.text)
    DMA1_Stream5_IRQHandler                  0x080001f7   Thumb Code     0  startup_stm32f746xx.o(.text)
    DMA1_Stream6_IRQHandler                  0x080001f7   Thumb Code     0  startup_stm32f746xx.o(.text)
    DMA1_Stream7_IRQHandler                  0x080001f7   Thumb Code     0  startup_stm32f746xx.o(.text)
    DMA2D_IRQHandler                         0x080001f7   Thumb Code     0  startup_stm32f746xx.o(.text)
    DMA2_Stream1_IRQHandler                  0x080001f7   Thumb Code     0  startup_stm32f746xx.o(.text)
    DMA2_Stream2_IRQHandler                  0x080001f7   Thumb Code     0  startup_stm32f746xx.o(.text)
    DMA2_Stream3_IRQHandler                  0x080001f7   Thumb Code     0  startup_stm32f746xx.o(.text)
    DMA2_Stream4_IRQHandler                  0x080001f7   Thumb Code     0  startup_stm32f746xx.o(.text)
    DMA2_Stream5_IRQHandler                  0x080001f7   Thumb Code     0  startup_stm32f746xx.o(.text)
    DMA2_Stream6_IRQHandler                  0x080001f7   Thumb Code     0  startup_stm32f746xx.o(.text)
    DMA2_Stream7_IRQHandler                  0x080001f7   Thumb Code     0  startup_stm32f746xx.o(.text)
    ETH_IRQHandler                           0x080001f7   Thumb Code     0  startup_stm32f746xx.o(.text)
    ETH_WKUP_IRQHandler                      0x080001f7   Thumb Code     0  startup_stm32f746xx.o(.text)
    EXTI0_IRQHandler                         0x080001f7   Thumb Code     0  startup_stm32f746xx.o(.text)
    EXTI15_10_IRQHandler                     0x080001f7   Thumb Code     0  startup_stm32f746xx.o(.text)
    EXTI1_IRQHandler                         0x080001f7   Thumb Code     0  startup_stm32f746xx.o(.text)
    EXTI2_IRQHandler                         0x080001f7   Thumb Code     0  startup_stm32f746xx.o(.text)
    EXTI3_IRQHandler                         0x080001f7   Thumb Code     0  startup_stm32f746xx.o(.text)
    EXTI4_IRQHandler                         0x080001f7   Thumb Code     0  startup_stm32f746xx.o(.text)
    EXTI9_5_IRQHandler                       0x080001f7   Thumb Code     0  startup_stm32f746xx.o(.text)
    FLASH_IRQHandler                         0x080001f7   Thumb Code     0  startup_stm32f746xx.o(.text)
    FMC_IRQHandler                           0x080001f7   Thumb Code     0  startup_stm32f746xx.o(.text)
    FPU_IRQHandler                           0x080001f7   Thumb Code     0  startup_stm32f746xx.o(.text)
    I2C1_ER_IRQHandler                       0x080001f7   Thumb Code     0  startup_stm32f746xx.o(.text)
    I2C1_EV_IRQHandler                       0x080001f7   Thumb Code     0  startup_stm32f746xx.o(.text)
    I2C2_ER_IRQHandler                       0x080001f7   Thumb Code     0  startup_stm32f746xx.o(.text)
    I2C2_EV_IRQHandler                       0x080001f7   Thumb Code     0  startup_stm32f746xx.o(.text)
    I2C3_ER_IRQHandler                       0x080001f7   Thumb Code     0  startup_stm32f746xx.o(.text)
    I2C3_EV_IRQHandler                       0x080001f7   Thumb Code     0  startup_stm32f746xx.o(.text)
    I2C4_ER_IRQHandler                       0x080001f7   Thumb Code     0  startup_stm32f746xx.o(.text)
    I2C4_EV_IRQHandler                       0x080001f7   Thumb Code     0  startup_stm32f746xx.o(.text)
    LPTIM1_IRQHandler                        0x080001f7   Thumb Code     0  startup_stm32f746xx.o(.text)
    LTDC_ER_IRQHandler                       0x080001f7   Thumb Code     0  startup_stm32f746xx.o(.text)
    LTDC_IRQHandler                          0x080001f7   Thumb Code     0  startup_stm32f746xx.o(.text)
    OTG_FS_IRQHandler                        0x080001f7   Thumb Code     0  startup_stm32f746xx.o(.text)
    OTG_FS_WKUP_IRQHandler                   0x080001f7   Thumb Code     0  startup_stm32f746xx.o(.text)
    OTG_HS_EP1_IN_IRQHandler                 0x080001f7   Thumb Code     0  startup_stm32f746xx.o(.text)
    OTG_HS_EP1_OUT_IRQHandler                0x080001f7   Thumb Code     0  startup_stm32f746xx.o(.text)
    OTG_HS_IRQHandler                        0x080001f7   Thumb Code     0  startup_stm32f746xx.o(.text)
    OTG_HS_WKUP_IRQHandler                   0x080001f7   Thumb Code     0  startup_stm32f746xx.o(.text)
    PVD_IRQHandler                           0x080001f7   Thumb Code     0  startup_stm32f746xx.o(.text)
    QUADSPI_IRQHandler                       0x080001f7   Thumb Code     0  startup_stm32f746xx.o(.text)
    RCC_IRQHandler                           0x080001f7   Thumb Code     0  startup_stm32f746xx.o(.text)
    RNG_IRQHandler                           0x080001f7   Thumb Code     0  startup_stm32f746xx.o(.text)
    RTC_Alarm_IRQHandler                     0x080001f7   Thumb Code     0  startup_stm32f746xx.o(.text)
    RTC_WKUP_IRQHandler                      0x080001f7   Thumb Code     0  startup_stm32f746xx.o(.text)
    SAI1_IRQHandler                          0x080001f7   Thumb Code     0  startup_stm32f746xx.o(.text)
    SAI2_IRQHandler                          0x080001f7   Thumb Code     0  startup_stm32f746xx.o(.text)
    SDMMC1_IRQHandler                        0x080001f7   Thumb Code     0  startup_stm32f746xx.o(.text)
    SPDIF_RX_IRQHandler                      0x080001f7   Thumb Code     0  startup_stm32f746xx.o(.text)
    SPI1_IRQHandler                          0x080001f7   Thumb Code     0  startup_stm32f746xx.o(.text)
    SPI2_IRQHandler                          0x080001f7   Thumb Code     0  startup_stm32f746xx.o(.text)
    SPI3_IRQHandler                          0x080001f7   Thumb Code     0  startup_stm32f746xx.o(.text)
    SPI4_IRQHandler                          0x080001f7   Thumb Code     0  startup_stm32f746xx.o(.text)
    SPI5_IRQHandler                          0x080001f7   Thumb Code     0  startup_stm32f746xx.o(.text)
    SPI6_IRQHandler                          0x080001f7   Thumb Code     0  startup_stm32f746xx.o(.text)
    TAMP_STAMP_IRQHandler                    0x080001f7   Thumb Code     0  startup_stm32f746xx.o(.text)
    TIM1_BRK_TIM9_IRQHandler                 0x080001f7   Thumb Code     0  startup_stm32f746xx.o(.text)
    TIM1_CC_IRQHandler                       0x080001f7   Thumb Code     0  startup_stm32f746xx.o(.text)
    TIM1_TRG_COM_TIM11_IRQHandler            0x080001f7   Thumb Code     0  startup_stm32f746xx.o(.text)
    TIM1_UP_TIM10_IRQHandler                 0x080001f7   Thumb Code     0  startup_stm32f746xx.o(.text)
    TIM2_IRQHandler                          0x080001f7   Thumb Code     0  startup_stm32f746xx.o(.text)
    TIM3_IRQHandler                          0x080001f7   Thumb Code     0  startup_stm32f746xx.o(.text)
    TIM4_IRQHandler                          0x080001f7   Thumb Code     0  startup_stm32f746xx.o(.text)
    TIM5_IRQHandler                          0x080001f7   Thumb Code     0  startup_stm32f746xx.o(.text)
    TIM6_DAC_IRQHandler                      0x080001f7   Thumb Code     0  startup_stm32f746xx.o(.text)
    TIM7_IRQHandler                          0x080001f7   Thumb Code     0  startup_stm32f746xx.o(.text)
    TIM8_BRK_TIM12_IRQHandler                0x080001f7   Thumb Code     0  startup_stm32f746xx.o(.text)
    TIM8_CC_IRQHandler                       0x080001f7   Thumb Code     0  startup_stm32f746xx.o(.text)
    TIM8_TRG_COM_TIM14_IRQHandler            0x080001f7   Thumb Code     0  startup_stm32f746xx.o(.text)
    TIM8_UP_TIM13_IRQHandler                 0x080001f7   Thumb Code     0  startup_stm32f746xx.o(.text)
    UART4_IRQHandler                         0x080001f7   Thumb Code     0  startup_stm32f746xx.o(.text)
    UART5_IRQHandler                         0x080001f7   Thumb Code     0  startup_stm32f746xx.o(.text)
    UART7_IRQHandler                         0x080001f7   Thumb Code     0  startup_stm32f746xx.o(.text)
    UART8_IRQHandler                         0x080001f7   Thumb Code     0  startup_stm32f746xx.o(.text)
    USART1_IRQHandler                        0x080001f7   Thumb Code     0  startup_stm32f746xx.o(.text)
    USART2_IRQHandler                        0x080001f7   Thumb Code     0  startup_stm32f746xx.o(.text)
    USART3_IRQHandler                        0x080001f7   Thumb Code     0  startup_stm32f746xx.o(.text)
    USART6_IRQHandler                        0x080001f7   Thumb Code     0  startup_stm32f746xx.o(.text)
    WWDG_IRQHandler                          0x080001f7   Thumb Code     0  startup_stm32f746xx.o(.text)
    __aeabi_uldivmod                         0x08000201   Thumb Code    98  uldiv.o(.text)
    __aeabi_memset                           0x08000263   Thumb Code    14  memseta.o(.text)
    __aeabi_memset4                          0x08000263   Thumb Code     0  memseta.o(.text)
    __aeabi_memset8                          0x08000263   Thumb Code     0  memseta.o(.text)
    __aeabi_memclr                           0x08000271   Thumb Code     4  memseta.o(.text)
    __aeabi_memclr4                          0x08000271   Thumb Code     0  memseta.o(.text)
    __aeabi_memclr8                          0x08000271   Thumb Code     0  memseta.o(.text)
    _memset$wrapper                          0x08000275   Thumb Code    18  memseta.o(.text)
    __aeabi_d2uiz                            0x08000287   Thumb Code    50  dfixui.o(.text)
    __aeabi_f2d                              0x080002b9   Thumb Code    38  f2d.o(.text)
    __aeabi_llsl                             0x080002df   Thumb Code    30  llshl.o(.text)
    _ll_shift_l                              0x080002df   Thumb Code     0  llshl.o(.text)
    __aeabi_llsr                             0x080002fd   Thumb Code    32  llushr.o(.text)
    _ll_ushift_r                             0x080002fd   Thumb Code     0  llushr.o(.text)
    __I$use$fp                               0x0800031d   Thumb Code     0  iusefp.o(.text)
    __aeabi_dadd                             0x0800031d   Thumb Code   322  dadd.o(.text)
    __aeabi_dsub                             0x0800045f   Thumb Code     6  dadd.o(.text)
    __aeabi_drsub                            0x08000465   Thumb Code     6  dadd.o(.text)
    _drnd                                    0x0800046d   Thumb Code   132  drnd.o(.text)
    __aeabi_cdcmpeq                          0x080004f5   Thumb Code     0  cdcmple.o(.text)
    __aeabi_cdcmple                          0x080004f5   Thumb Code    48  cdcmple.o(.text)
    __aeabi_cdrcmple                         0x08000525   Thumb Code    48  cdrcmple.o(.text)
    __scatterload                            0x08000555   Thumb Code    28  init.o(.text)
    __scatterload_rt2                        0x08000555   Thumb Code     0  init.o(.text)
    __aeabi_lasr                             0x08000579   Thumb Code    36  llsshr.o(.text)
    _ll_sshift_r                             0x08000579   Thumb Code     0  llsshr.o(.text)
    _double_round                            0x0800059d   Thumb Code    30  depilogue.o(.text)
    _double_epilogue                         0x080005bb   Thumb Code   156  depilogue.o(.text)
    arm_bitreversal_16                       0x08000659   Thumb Code    74  arm_bitreversal2.o(.text.arm_bitreversal_16)
    arm_cfft_q15                             0x080006a3   Thumb Code   220  arm_cfft_q15.o(.text.arm_cfft_q15)
    arm_cfft_radix4by2_inverse_q15           0x08000781   Thumb Code   200  arm_cfft_q15.o(.text.arm_cfft_radix4by2_inverse_q15)
    arm_cfft_radix4by2_q15                   0x08000849   Thumb Code   200  arm_cfft_q15.o(.text.arm_cfft_radix4by2_q15)
    arm_fir_decimate_fast_q15                0x08000911   Thumb Code   562  arm_fir_decimate_fast_q15.o(.text.arm_fir_decimate_fast_q15)
    arm_fir_decimate_init_q15                0x08000b43   Thumb Code    56  arm_fir_decimate_init_q15.o(.text.arm_fir_decimate_init_q15)
    arm_radix4_butterfly_inverse_q15         0x08000b7d   Thumb Code   576  arm_cfft_radix4_q15.o(.text.arm_radix4_butterfly_inverse_q15)
    arm_radix4_butterfly_q15                 0x08000dbd   Thumb Code   576  arm_cfft_radix4_q15.o(.text.arm_radix4_butterfly_q15)
    arm_rfft_init_q15                        0x08000ffd   Thumb Code   212  arm_rfft_init_q15.o(.text.arm_rfft_init_q15)
    BSP_LED_Init                             0x080012f5   Thumb Code    76  stm32f7xx_nucleo_144.o(i.BSP_LED_Init)
    BSP_LED_Toggle                           0x0800134d   Thumb Code    16  stm32f7xx_nucleo_144.o(i.BSP_LED_Toggle)
    BusFault_Handler                         0x08001365   Thumb Code     2  stm32f7xx_it.o(i.BusFault_Handler)
    DMA2_Stream0_IRQHandler                  0x080013f1   Thumb Code    26  stm32f7xx_it.o(i.DMA2_Stream0_IRQHandler)
    DebugMon_Handler                         0x080014b9   Thumb Code     2  stm32f7xx_it.o(i.DebugMon_Handler)
    HAL_ADC_ConfigChannel                    0x08001571   Thumb Code   338  stm32f7xx_hal_adc.o(i.HAL_ADC_ConfigChannel)
    HAL_ADC_ConvCpltCallback                 0x080016d5   Thumb Code     2  stm32f7xx_hal_adc.o(i.HAL_ADC_ConvCpltCallback)
    HAL_ADC_ConvHalfCpltCallback             0x080016d7   Thumb Code     2  stm32f7xx_hal_adc.o(i.HAL_ADC_ConvHalfCpltCallback)
    HAL_ADC_ErrorCallback                    0x080016d9   Thumb Code     2  stm32f7xx_hal_adc.o(i.HAL_ADC_ErrorCallback)
    HAL_ADC_Init                             0x080016db   Thumb Code    84  stm32f7xx_hal_adc.o(i.HAL_ADC_Init)
    HAL_ADC_MspInit                          0x08001731   Thumb Code   152  stm32f7xx_hal_msp.o(i.HAL_ADC_MspInit)
    HAL_ADC_Start_DMA                        0x080017d9   Thumb Code   260  stm32f7xx_hal_adc.o(i.HAL_ADC_Start_DMA)
    HAL_DMA_IRQHandler                       0x080018f9   Thumb Code   412  stm32f7xx_hal_dma.o(i.HAL_DMA_IRQHandler)
    HAL_DMA_Init                             0x08001a99   Thumb Code   222  stm32f7xx_hal_dma.o(i.HAL_DMA_Init)
    HAL_DMA_Start_IT                         0x08001b7d   Thumb Code   122  stm32f7xx_hal_dma.o(i.HAL_DMA_Start_IT)
    HAL_Delay                                0x08001bf9   Thumb Code    32  stm32f7xx_hal.o(i.HAL_Delay)
    HAL_GPIO_Init                            0x08001c1d   Thumb Code   418  stm32f7xx_hal_gpio.o(i.HAL_GPIO_Init)
    HAL_GPIO_TogglePin                       0x08001df5   Thumb Code    14  stm32f7xx_hal_gpio.o(i.HAL_GPIO_TogglePin)
    HAL_GPIO_WritePin                        0x08001e03   Thumb Code    10  stm32f7xx_hal_gpio.o(i.HAL_GPIO_WritePin)
    HAL_GetTick                              0x08001e0d   Thumb Code     6  stm32f7xx_hal.o(i.HAL_GetTick)
    HAL_IncTick                              0x08001e19   Thumb Code    12  stm32f7xx_hal.o(i.HAL_IncTick)
    HAL_Init                                 0x08001e29   Thumb Code    40  stm32f7xx_hal.o(i.HAL_Init)
    HAL_InitTick                             0x08001e55   Thumb Code    54  stm32f7xx_hal.o(i.HAL_InitTick)
    HAL_MspInit                              0x08001e95   Thumb Code     2  stm32f7xx_hal.o(i.HAL_MspInit)
    HAL_NVIC_EnableIRQ                       0x08001e97   Thumb Code    26  stm32f7xx_hal_cortex.o(i.HAL_NVIC_EnableIRQ)
    HAL_NVIC_SetPriority                     0x08001eb1   Thumb Code    60  stm32f7xx_hal_cortex.o(i.HAL_NVIC_SetPriority)
    HAL_NVIC_SetPriorityGrouping             0x08001ef1   Thumb Code    28  stm32f7xx_hal_cortex.o(i.HAL_NVIC_SetPriorityGrouping)
    HAL_PWREx_EnableOverDrive                0x08001f15   Thumb Code   100  stm32f7xx_hal_pwr_ex.o(i.HAL_PWREx_EnableOverDrive)
    HAL_RCCEx_PeriphCLKConfig                0x08001f81   Thumb Code  1276  stm32f7xx_hal_rcc_ex.o(i.HAL_RCCEx_PeriphCLKConfig)
    HAL_RCC_ClockConfig                      0x0800247d   Thumb Code   282  stm32f7xx_hal_rcc.o(i.HAL_RCC_ClockConfig)
    HAL_RCC_GetPCLK1Freq                     0x080025a9   Thumb Code    20  stm32f7xx_hal_rcc.o(i.HAL_RCC_GetPCLK1Freq)
    HAL_RCC_GetPCLK2Freq                     0x080025c9   Thumb Code    20  stm32f7xx_hal_rcc.o(i.HAL_RCC_GetPCLK2Freq)
    HAL_RCC_GetSysClockFreq                  0x080025e9   Thumb Code    88  stm32f7xx_hal_rcc.o(i.HAL_RCC_GetSysClockFreq)
    HAL_RCC_OscConfig                        0x08002649   Thumb Code   810  stm32f7xx_hal_rcc.o(i.HAL_RCC_OscConfig)
    HAL_SPI_Init                             0x08002981   Thumb Code   218  stm32f7xx_hal_spi.o(i.HAL_SPI_Init)
    HAL_SPI_MspInit                          0x08002a5d   Thumb Code   122  stm32f7xx_hal_msp.o(i.HAL_SPI_MspInit)
    HAL_SPI_Transmit                         0x08002ae9   Thumb Code   426  stm32f7xx_hal_spi.o(i.HAL_SPI_Transmit)
    HAL_SYSTICK_Config                       0x08002c93   Thumb Code    38  stm32f7xx_hal_cortex.o(i.HAL_SYSTICK_Config)
    HAL_TIMEx_MasterConfigSynchronization    0x08002cb9   Thumb Code    88  stm32f7xx_hal_tim_ex.o(i.HAL_TIMEx_MasterConfigSynchronization)
    HAL_TIM_Base_Init                        0x08002d19   Thumb Code    54  stm32f7xx_hal_tim.o(i.HAL_TIM_Base_Init)
    HAL_TIM_Base_MspInit                     0x08002d51   Thumb Code    22  stm32f7xx_hal_msp.o(i.HAL_TIM_Base_MspInit)
    HAL_TIM_Base_Start                       0x08002d6d   Thumb Code    42  stm32f7xx_hal_tim.o(i.HAL_TIM_Base_Start)
    HAL_UART_Init                            0x08002d9d   Thumb Code   102  stm32f7xx_hal_uart.o(i.HAL_UART_Init)
    HAL_UART_MspInit                         0x08002e05   Thumb Code   118  stm32f7xx_hal_msp.o(i.HAL_UART_MspInit)
    HardFault_Handler                        0x08002e85   Thumb Code     2  stm32f7xx_it.o(i.HardFault_Handler)
    MemManage_Handler                        0x08002e87   Thumb Code     2  stm32f7xx_it.o(i.MemManage_Handler)
    NMI_Handler                              0x08002e89   Thumb Code     2  stm32f7xx_it.o(i.NMI_Handler)
    OLED_Clear                               0x08002e8d   Thumb Code    64  oled.o(i.OLED_Clear)
    OLED_Command                             0x08002ed1   Thumb Code    50  oled.o(i.OLED_Command)
    OLED_Data                                0x08002f09   Thumb Code    50  oled.o(i.OLED_Data)
    OLED_Initialize                          0x08002f41   Thumb Code   186  oled.o(i.OLED_Initialize)
    OLED_Putchar                             0x08003001   Thumb Code   222  oled.o(i.OLED_Putchar)
    OLED_SetColumn                           0x080030ed   Thumb Code    28  oled.o(i.OLED_SetColumn)
    OLED_SetRow                              0x08003109   Thumb Code     8  oled.o(i.OLED_SetRow)
    OLED_SetScale                            0x08003111   Thumb Code     8  oled.o(i.OLED_SetScale)
    OLED_Write3DigitNum                      0x0800311d   Thumb Code    96  oled.o(i.OLED_Write3DigitNum)
    PendSV_Handler                           0x0800317d   Thumb Code     2  stm32f7xx_it.o(i.PendSV_Handler)
    SPI_Transmit                             0x08003211   Thumb Code    34  main.o(i.SPI_Transmit)
    SVC_Handler                              0x08003363   Thumb Code     2  stm32f7xx_it.o(i.SVC_Handler)
    SysTick_Handler                          0x08003365   Thumb Code     4  stm32f7xx_it.o(i.SysTick_Handler)
    SystemClock_Config                       0x08003369   Thumb Code    98  main.o(i.SystemClock_Config)
    SystemInit                               0x080033cd   Thumb Code    68  system_stm32f7xx.o(i.SystemInit)
    TIM_Base_SetConfig                       0x08003421   Thumb Code   158  stm32f7xx_hal_tim.o(i.TIM_Base_SetConfig)
    UART_AdvFeatureConfig                    0x08003531   Thumb Code   200  stm32f7xx_hal_uart.o(i.UART_AdvFeatureConfig)
    UART_CheckIdleState                      0x080035f9   Thumb Code    60  stm32f7xx_hal_uart.o(i.UART_CheckIdleState)
    UART_SetConfig                           0x08003635   Thumb Code   546  stm32f7xx_hal_uart.o(i.UART_SetConfig)
    UART_WaitOnFlagUntilTimeout              0x08003889   Thumb Code    96  stm32f7xx_hal_uart.o(i.UART_WaitOnFlagUntilTimeout)
    UsageFault_Handler                       0x080038e9   Thumb Code     2  stm32f7xx_it.o(i.UsageFault_Handler)
    __hardfp_round                           0x08003911   Thumb Code   194  round.o(i.__hardfp_round)
    __scatterload_copy                       0x080039f1   Thumb Code    14  handlers.o(i.__scatterload_copy)
    __scatterload_null                       0x080039ff   Thumb Code     2  handlers.o(i.__scatterload_null)
    __scatterload_zeroinit                   0x08003a01   Thumb Code    14  handlers.o(i.__scatterload_zeroinit)
    findClosestNote                          0x08003a11   Thumb Code   212  notes.o(i.findClosestNote)
    getClosest                               0x08003aed   Thumb Code    36  notes.o(i.getClosest)
    main                                     0x08003b11   Thumb Code   454  main.o(i.main)
    BUTTON_IRQn                              0x08003d04   Data           1  stm32f7xx_nucleo_144.o(.constdata)
    BUTTON_PIN                               0x08003d06   Data           2  stm32f7xx_nucleo_144.o(.constdata)
    GPIO_PIN                                 0x08003d08   Data           6  stm32f7xx_nucleo_144.o(.constdata)
    AHBPrescTable                            0x08003d0e   Data          16  system_stm32f7xx.o(.constdata)
    APBPrescTable                            0x08003d1e   Data           8  system_stm32f7xx.o(.constdata)
    firCoeffs                                0x08003d2e   Data          60  main.o(.constdata)
    frequencies                              0x08003d6a   Data         154  notes.o(.constdata)
    notes                                    0x08003e04   Data         308  notes.o(.constdata)
    font                                     0x08003f38   Data         475  oled.o(.constdata)
    armBitRevIndexTable_fixed_1024           0x08004114   Data        1984  arm_common_tables.o(.rodata.armBitRevIndexTable_fixed_1024)
    armBitRevIndexTable_fixed_128            0x080048d4   Data         224  arm_common_tables.o(.rodata.armBitRevIndexTable_fixed_128)
    armBitRevIndexTable_fixed_16             0x080049b4   Data          24  arm_common_tables.o(.rodata.armBitRevIndexTable_fixed_16)
    armBitRevIndexTable_fixed_2048           0x080049cc   Data        3968  arm_common_tables.o(.rodata.armBitRevIndexTable_fixed_2048)
    armBitRevIndexTable_fixed_256            0x0800594c   Data         480  arm_common_tables.o(.rodata.armBitRevIndexTable_fixed_256)
    armBitRevIndexTable_fixed_32             0x08005b2c   Data          48  arm_common_tables.o(.rodata.armBitRevIndexTable_fixed_32)
    armBitRevIndexTable_fixed_4096           0x08005b5c   Data        8064  arm_common_tables.o(.rodata.armBitRevIndexTable_fixed_4096)
    armBitRevIndexTable_fixed_512            0x08007adc   Data         960  arm_common_tables.o(.rodata.armBitRevIndexTable_fixed_512)
    armBitRevIndexTable_fixed_64             0x08007e9c   Data         112  arm_common_tables.o(.rodata.armBitRevIndexTable_fixed_64)
    arm_cfft_sR_q15_len1024                  0x08007f0c   Data          16  arm_const_structs.o(.rodata.arm_cfft_sR_q15_len1024)
    arm_cfft_sR_q15_len128                   0x08007f1c   Data          16  arm_const_structs.o(.rodata.arm_cfft_sR_q15_len128)
    arm_cfft_sR_q15_len16                    0x08007f2c   Data          16  arm_const_structs.o(.rodata.arm_cfft_sR_q15_len16)
    arm_cfft_sR_q15_len2048                  0x08007f3c   Data          16  arm_const_structs.o(.rodata.arm_cfft_sR_q15_len2048)
    arm_cfft_sR_q15_len256                   0x08007f4c   Data          16  arm_const_structs.o(.rodata.arm_cfft_sR_q15_len256)
    arm_cfft_sR_q15_len32                    0x08007f5c   Data          16  arm_const_structs.o(.rodata.arm_cfft_sR_q15_len32)
    arm_cfft_sR_q15_len4096                  0x08007f6c   Data          16  arm_const_structs.o(.rodata.arm_cfft_sR_q15_len4096)
    arm_cfft_sR_q15_len512                   0x08007f7c   Data          16  arm_const_structs.o(.rodata.arm_cfft_sR_q15_len512)
    arm_cfft_sR_q15_len64                    0x08007f8c   Data          16  arm_const_structs.o(.rodata.arm_cfft_sR_q15_len64)
    realCoefAQ15                             0x08007f9c   Data       16384  arm_rfft_init_q15.o(.rodata.realCoefAQ15)
    realCoefBQ15                             0x0800bf9c   Data       16384  arm_rfft_init_q15.o(.rodata.realCoefBQ15)
    twiddleCoef_1024_q15                     0x0800ff9c   Data        3072  arm_common_tables.o(.rodata.twiddleCoef_1024_q15)
    twiddleCoef_128_q15                      0x08010b9c   Data         384  arm_common_tables.o(.rodata.twiddleCoef_128_q15)
    twiddleCoef_16_q15                       0x08010d1c   Data          48  arm_common_tables.o(.rodata.twiddleCoef_16_q15)
    twiddleCoef_2048_q15                     0x08010d4c   Data        6144  arm_common_tables.o(.rodata.twiddleCoef_2048_q15)
    twiddleCoef_256_q15                      0x0801254c   Data         768  arm_common_tables.o(.rodata.twiddleCoef_256_q15)
    twiddleCoef_32_q15                       0x0801284c   Data          96  arm_common_tables.o(.rodata.twiddleCoef_32_q15)
    twiddleCoef_4096_q15                     0x080128ac   Data       12288  arm_common_tables.o(.rodata.twiddleCoef_4096_q15)
    twiddleCoef_512_q15                      0x080158ac   Data        1536  arm_common_tables.o(.rodata.twiddleCoef_512_q15)
    twiddleCoef_64_q15                       0x08015eac   Data         192  arm_common_tables.o(.rodata.twiddleCoef_64_q15)
    Region$$Table$$Base                      0x08015f6c   Number         0  anon$$obj.o(Region$$Table)
    Region$$Table$$Limit                     0x08015f8c   Number         0  anon$$obj.o(Region$$Table)
    BUTTON_PORT                              0x20000000   Data           4  stm32f7xx_nucleo_144.o(.data)
    SpixTimeout                              0x20000004   Data           4  stm32f7xx_nucleo_144.o(.data)
    GPIO_PORT                                0x20000008   Data          12  stm32f7xx_nucleo_144.o(.data)
    SystemCoreClock                          0x20000014   Data           4  system_stm32f7xx.o(.data)
    uwTickFreq                               0x20000018   Data           1  stm32f7xx_hal.o(.data)
    uwTickPrio                               0x2000001c   Data           4  stm32f7xx_hal.o(.data)
    uwTick                                   0x20000020   Data           4  stm32f7xx_hal.o(.data)
    OneSec                                   0x20000024   Data           1  main.o(.data)
    foundNoteIdx                             0x20000025   Data           1  main.o(.data)
    mid                                      0x20000026   Data           1  notes.o(.data)
    ADCConvertedValues                       0x2000008c   Data       40800  main.o(.bss)
    inputSignal                              0x20009fec   Data       40800  main.o(.bss)
    filteredSignal                           0x20013f4c   Data        8192  main.o(.bss)
    fft                                      0x20015f4c   Data       16384  main.o(.bss)
    fftMag                                   0x20019f4c   Data        8192  main.o(.bss)
    SpiHandle                                0x2001bf58   Data         100  main.o(.bss)
    tim_adc                                  0x2001bfbc   Data          64  main.o(.bss)
    AdcHandle                                0x2001bffc   Data          72  main.o(.bss)
    UartHandle                               0x2001c044   Data         128  main.o(.bss)
    __initial_sp                             0x2001c4c8   Data           0  startup_stm32f746xx.o(STACK)



==============================================================================

Memory Map of the image

  Image Entry point : 0x080001c9

  Load Region LR_IROM1 (Base: 0x08000000, Size: 0x00015fb8, Max: 0x00100000, ABSOLUTE)

    Execution Region ER_IROM1 (Exec base: 0x08000000, Load base: 0x08000000, Size: 0x00015f8c, Max: 0x00100000, ABSOLUTE)

    Exec Addr    Load Addr    Size         Type   Attr      Idx    E Section Name        Object

    0x08000000   0x08000000   0x000001c8   Data   RO            3    RESET               startup_stm32f746xx.o
    0x080001c8   0x080001c8   0x00000000   Code   RO         4143  * .ARM.Collect$$$$00000000  mc_w.l(entry.o)
    0x080001c8   0x080001c8   0x00000004   Code   RO         4154    .ARM.Collect$$$$00000001  mc_w.l(entry2.o)
    0x080001cc   0x080001cc   0x00000004   Code   RO         4157    .ARM.Collect$$$$00000004  mc_w.l(entry5.o)
    0x080001d0   0x080001d0   0x00000000   Code   RO         4159    .ARM.Collect$$$$00000008  mc_w.l(entry7b.o)
    0x080001d0   0x080001d0   0x00000000   Code   RO         4161    .ARM.Collect$$$$0000000A  mc_w.l(entry8b.o)
    0x080001d0   0x080001d0   0x00000008   Code   RO         4162    .ARM.Collect$$$$0000000B  mc_w.l(entry9a.o)
    0x080001d8   0x080001d8   0x00000000   Code   RO         4164    .ARM.Collect$$$$0000000D  mc_w.l(entry10a.o)
    0x080001d8   0x080001d8   0x00000000   Code   RO         4166    .ARM.Collect$$$$0000000F  mc_w.l(entry11a.o)
    0x080001d8   0x080001d8   0x00000004   Code   RO         4155    .ARM.Collect$$$$00002712  mc_w.l(entry2.o)
    0x080001dc   0x080001dc   0x00000024   Code   RO            4    .text               startup_stm32f746xx.o
    0x08000200   0x08000200   0x00000062   Code   RO         4146    .text               mc_w.l(uldiv.o)
    0x08000262   0x08000262   0x00000024   Code   RO         4148    .text               mc_w.l(memseta.o)
    0x08000286   0x08000286   0x00000032   Code   RO         4150    .text               mf_w.l(dfixui.o)
    0x080002b8   0x080002b8   0x00000026   Code   RO         4152    .text               mf_w.l(f2d.o)
    0x080002de   0x080002de   0x0000001e   Code   RO         4168    .text               mc_w.l(llshl.o)
    0x080002fc   0x080002fc   0x00000020   Code   RO         4170    .text               mc_w.l(llushr.o)
    0x0800031c   0x0800031c   0x00000000   Code   RO         4172    .text               mc_w.l(iusefp.o)
    0x0800031c   0x0800031c   0x0000014e   Code   RO         4173    .text               mf_w.l(dadd.o)
    0x0800046a   0x0800046a   0x00000002   PAD
    0x0800046c   0x0800046c   0x00000088   Code   RO         4175    .text               mf_w.l(drnd.o)
    0x080004f4   0x080004f4   0x00000030   Code   RO         4177    .text               mf_w.l(cdcmple.o)
    0x08000524   0x08000524   0x00000030   Code   RO         4179    .text               mf_w.l(cdrcmple.o)
    0x08000554   0x08000554   0x00000024   Code   RO         4181    .text               mc_w.l(init.o)
    0x08000578   0x08000578   0x00000024   Code   RO         4183    .text               mc_w.l(llsshr.o)
    0x0800059c   0x0800059c   0x000000ba   Code   RO         4185    .text               mf_w.l(depilogue.o)
    0x08000656   0x08000656   0x00000002   PAD
    0x08000658   0x08000658   0x0000004a   Code   RO         4022    .text.arm_bitreversal_16  arm_cortexM7lfsp_math.lib(arm_bitreversal2.o)
    0x080006a2   0x080006a2   0x000000dc   Code   RO         3946    .text.arm_cfft_q15  arm_cortexM7lfsp_math.lib(arm_cfft_q15.o)
    0x0800077e   0x0800077e   0x00000002   PAD
    0x08000780   0x08000780   0x000000c8   Code   RO         3948    .text.arm_cfft_radix4by2_inverse_q15  arm_cortexM7lfsp_math.lib(arm_cfft_q15.o)
    0x08000848   0x08000848   0x000000c8   Code   RO         3950    .text.arm_cfft_radix4by2_q15  arm_cortexM7lfsp_math.lib(arm_cfft_q15.o)
    0x08000910   0x08000910   0x00000232   Code   RO         3913    .text.arm_fir_decimate_fast_q15  arm_cortexM7lfsp_math.lib(arm_fir_decimate_fast_q15.o)
    0x08000b42   0x08000b42   0x00000038   Code   RO         3924    .text.arm_fir_decimate_init_q15  arm_cortexM7lfsp_math.lib(arm_fir_decimate_init_q15.o)
    0x08000b7a   0x08000b7a   0x00000002   PAD
    0x08000b7c   0x08000b7c   0x00000240   Code   RO         4035    .text.arm_radix4_butterfly_inverse_q15  arm_cortexM7lfsp_math.lib(arm_cfft_radix4_q15.o)
    0x08000dbc   0x08000dbc   0x00000240   Code   RO         4037    .text.arm_radix4_butterfly_q15  arm_cortexM7lfsp_math.lib(arm_cfft_radix4_q15.o)
    0x08000ffc   0x08000ffc   0x000000d4   Code   RO         3934    .text.arm_rfft_init_q15  arm_cortexM7lfsp_math.lib(arm_rfft_init_q15.o)
    0x080010d0   0x080010d0   0x0000005c   Code   RO         3730    i.ADC_Config        main.o
    0x0800112c   0x0800112c   0x0000006e   Code   RO         1650    i.ADC_DMAConvCplt   stm32f7xx_hal_adc.o
    0x0800119a   0x0800119a   0x00000016   Code   RO         1651    i.ADC_DMAError      stm32f7xx_hal_adc.o
    0x080011b0   0x080011b0   0x0000000a   Code   RO         1652    i.ADC_DMAHalfConvCplt  stm32f7xx_hal_adc.o
    0x080011ba   0x080011ba   0x00000002   PAD
    0x080011bc   0x080011bc   0x00000138   Code   RO         1653    i.ADC_Init          stm32f7xx_hal_adc.o
    0x080012f4   0x080012f4   0x00000058   Code   RO           19    i.BSP_LED_Init      stm32f7xx_nucleo_144.o
    0x0800134c   0x0800134c   0x00000018   Code   RO           22    i.BSP_LED_Toggle    stm32f7xx_nucleo_144.o
    0x08001364   0x08001364   0x00000002   Code   RO         3645    i.BusFault_Handler  stm32f7xx_it.o
    0x08001366   0x08001366   0x00000002   PAD
    0x08001368   0x08001368   0x00000088   Code   RO         3731    i.CPU_CACHE_Enable  main.o
    0x080013f0   0x080013f0   0x00000024   Code   RO         3646    i.DMA2_Stream0_IRQHandler  stm32f7xx_it.o
    0x08001414   0x08001414   0x00000028   Code   RO         1955    i.DMA_CalcBaseAndBitshift  stm32f7xx_hal_dma.o
    0x0800143c   0x0800143c   0x00000054   Code   RO         1956    i.DMA_CheckFifoParam  stm32f7xx_hal_dma.o
    0x08001490   0x08001490   0x00000028   Code   RO         1957    i.DMA_SetConfig     stm32f7xx_hal_dma.o
    0x080014b8   0x080014b8   0x00000002   Code   RO         3647    i.DebugMon_Handler  stm32f7xx_it.o
    0x080014ba   0x080014ba   0x0000000e   Code   RO         3732    i.Error_Handler     main.o
    0x080014c8   0x080014c8   0x000000a8   Code   RO         3733    i.GPIO_Config       main.o
    0x08001570   0x08001570   0x00000164   Code   RO         1655    i.HAL_ADC_ConfigChannel  stm32f7xx_hal_adc.o
    0x080016d4   0x080016d4   0x00000002   Code   RO         1656    i.HAL_ADC_ConvCpltCallback  stm32f7xx_hal_adc.o
    0x080016d6   0x080016d6   0x00000002   Code   RO         1657    i.HAL_ADC_ConvHalfCpltCallback  stm32f7xx_hal_adc.o
    0x080016d8   0x080016d8   0x00000002   Code   RO         1659    i.HAL_ADC_ErrorCallback  stm32f7xx_hal_adc.o
    0x080016da   0x080016da   0x00000054   Code   RO         1664    i.HAL_ADC_Init      stm32f7xx_hal_adc.o
    0x0800172e   0x0800172e   0x00000002   PAD
    0x08001730   0x08001730   0x000000a8   Code   RO         3545    i.HAL_ADC_MspInit   stm32f7xx_hal_msp.o
    0x080017d8   0x080017d8   0x00000120   Code   RO         1671    i.HAL_ADC_Start_DMA  stm32f7xx_hal_adc.o
    0x080018f8   0x080018f8   0x000001a0   Code   RO         1963    i.HAL_DMA_IRQHandler  stm32f7xx_hal_dma.o
    0x08001a98   0x08001a98   0x000000e4   Code   RO         1964    i.HAL_DMA_Init      stm32f7xx_hal_dma.o
    0x08001b7c   0x08001b7c   0x0000007a   Code   RO         1968    i.HAL_DMA_Start_IT  stm32f7xx_hal_dma.o
    0x08001bf6   0x08001bf6   0x00000002   PAD
    0x08001bf8   0x08001bf8   0x00000024   Code   RO         1459    i.HAL_Delay         stm32f7xx_hal.o
    0x08001c1c   0x08001c1c   0x000001d8   Code   RO         1389    i.HAL_GPIO_Init     stm32f7xx_hal_gpio.o
    0x08001df4   0x08001df4   0x0000000e   Code   RO         1392    i.HAL_GPIO_TogglePin  stm32f7xx_hal_gpio.o
    0x08001e02   0x08001e02   0x0000000a   Code   RO         1393    i.HAL_GPIO_WritePin  stm32f7xx_hal_gpio.o
    0x08001e0c   0x08001e0c   0x0000000c   Code   RO         1467    i.HAL_GetTick       stm32f7xx_hal.o
    0x08001e18   0x08001e18   0x00000010   Code   RO         1473    i.HAL_IncTick       stm32f7xx_hal.o
    0x08001e28   0x08001e28   0x0000002c   Code   RO         1474    i.HAL_Init          stm32f7xx_hal.o
    0x08001e54   0x08001e54   0x00000040   Code   RO         1475    i.HAL_InitTick      stm32f7xx_hal.o
    0x08001e94   0x08001e94   0x00000002   Code   RO         1477    i.HAL_MspInit       stm32f7xx_hal.o
    0x08001e96   0x08001e96   0x0000001a   Code   RO          900    i.HAL_NVIC_EnableIRQ  stm32f7xx_hal_cortex.o
    0x08001eb0   0x08001eb0   0x00000040   Code   RO          906    i.HAL_NVIC_SetPriority  stm32f7xx_hal_cortex.o
    0x08001ef0   0x08001ef0   0x00000024   Code   RO          907    i.HAL_NVIC_SetPriorityGrouping  stm32f7xx_hal_cortex.o
    0x08001f14   0x08001f14   0x0000006c   Code   RO          352    i.HAL_PWREx_EnableOverDrive  stm32f7xx_hal_pwr_ex.o
    0x08001f80   0x08001f80   0x000004fc   Code   RO         2169    i.HAL_RCCEx_PeriphCLKConfig  stm32f7xx_hal_rcc_ex.o
    0x0800247c   0x0800247c   0x0000012c   Code   RO         2062    i.HAL_RCC_ClockConfig  stm32f7xx_hal_rcc.o
    0x080025a8   0x080025a8   0x00000020   Code   RO         2069    i.HAL_RCC_GetPCLK1Freq  stm32f7xx_hal_rcc.o
    0x080025c8   0x080025c8   0x00000020   Code   RO         2070    i.HAL_RCC_GetPCLK2Freq  stm32f7xx_hal_rcc.o
    0x080025e8   0x080025e8   0x00000060   Code   RO         2071    i.HAL_RCC_GetSysClockFreq  stm32f7xx_hal_rcc.o
    0x08002648   0x08002648   0x00000338   Code   RO         2074    i.HAL_RCC_OscConfig  stm32f7xx_hal_rcc.o
    0x08002980   0x08002980   0x000000da   Code   RO         3184    i.HAL_SPI_Init      stm32f7xx_hal_spi.o
    0x08002a5a   0x08002a5a   0x00000002   PAD
    0x08002a5c   0x08002a5c   0x0000008c   Code   RO         3547    i.HAL_SPI_MspInit   stm32f7xx_hal_msp.o
    0x08002ae8   0x08002ae8   0x000001aa   Code   RO         3192    i.HAL_SPI_Transmit  stm32f7xx_hal_spi.o
    0x08002c92   0x08002c92   0x00000026   Code   RO          911    i.HAL_SYSTICK_Config  stm32f7xx_hal_cortex.o
    0x08002cb8   0x08002cb8   0x00000060   Code   RO         2930    i.HAL_TIMEx_MasterConfigSynchronization  stm32f7xx_hal_tim_ex.o
    0x08002d18   0x08002d18   0x00000036   Code   RO         2225    i.HAL_TIM_Base_Init  stm32f7xx_hal_tim.o
    0x08002d4e   0x08002d4e   0x00000002   PAD
    0x08002d50   0x08002d50   0x0000001c   Code   RO         3549    i.HAL_TIM_Base_MspInit  stm32f7xx_hal_msp.o
    0x08002d6c   0x08002d6c   0x00000030   Code   RO         2228    i.HAL_TIM_Base_Start  stm32f7xx_hal_tim.o
    0x08002d9c   0x08002d9c   0x00000066   Code   RO         1056    i.HAL_UART_Init     stm32f7xx_hal_uart.o
    0x08002e02   0x08002e02   0x00000002   PAD
    0x08002e04   0x08002e04   0x00000080   Code   RO         3551    i.HAL_UART_MspInit  stm32f7xx_hal_msp.o
    0x08002e84   0x08002e84   0x00000002   Code   RO         3648    i.HardFault_Handler  stm32f7xx_it.o
    0x08002e86   0x08002e86   0x00000002   Code   RO         3649    i.MemManage_Handler  stm32f7xx_it.o
    0x08002e88   0x08002e88   0x00000002   Code   RO         3650    i.NMI_Handler       stm32f7xx_it.o
    0x08002e8a   0x08002e8a   0x00000002   PAD
    0x08002e8c   0x08002e8c   0x00000044   Code   RO         3839    i.OLED_Clear        oled.o
    0x08002ed0   0x08002ed0   0x00000038   Code   RO         3840    i.OLED_Command      oled.o
    0x08002f08   0x08002f08   0x00000038   Code   RO         3841    i.OLED_Data         oled.o
    0x08002f40   0x08002f40   0x000000c0   Code   RO         3842    i.OLED_Initialize   oled.o
    0x08003000   0x08003000   0x000000ec   Code   RO         3843    i.OLED_Putchar      oled.o
    0x080030ec   0x080030ec   0x0000001c   Code   RO         3844    i.OLED_SetColumn    oled.o
    0x08003108   0x08003108   0x00000008   Code   RO         3845    i.OLED_SetRow       oled.o
    0x08003110   0x08003110   0x0000000c   Code   RO         3846    i.OLED_SetScale     oled.o
    0x0800311c   0x0800311c   0x00000060   Code   RO         3847    i.OLED_Write3DigitNum  oled.o
    0x0800317c   0x0800317c   0x00000002   Code   RO         3651    i.PendSV_Handler    stm32f7xx_it.o
    0x0800317e   0x0800317e   0x00000002   PAD
    0x08003180   0x08003180   0x00000048   Code   RO         3734    i.SPI_Config        main.o
    0x080031c8   0x080031c8   0x00000048   Code   RO         3224    i.SPI_EndRxTxTransaction  stm32f7xx_hal_spi.o
    0x08003210   0x08003210   0x00000028   Code   RO         3735    i.SPI_Transmit      main.o
    0x08003238   0x08003238   0x00000096   Code   RO         3231    i.SPI_WaitFifoStateUntilTimeout  stm32f7xx_hal_spi.o
    0x080032ce   0x080032ce   0x00000094   Code   RO         3232    i.SPI_WaitFlagStateUntilTimeout  stm32f7xx_hal_spi.o
    0x08003362   0x08003362   0x00000002   Code   RO         3652    i.SVC_Handler       stm32f7xx_it.o
    0x08003364   0x08003364   0x00000004   Code   RO         3653    i.SysTick_Handler   stm32f7xx_it.o
    0x08003368   0x08003368   0x00000062   Code   RO         3736    i.SystemClock_Config  main.o
    0x080033ca   0x080033ca   0x00000002   PAD
    0x080033cc   0x080033cc   0x00000054   Code   RO          305    i.SystemInit        system_stm32f7xx.o
    0x08003420   0x08003420   0x000000cc   Code   RO         2313    i.TIM_Base_SetConfig  stm32f7xx_hal_tim.o
    0x080034ec   0x080034ec   0x00000044   Code   RO         3737    i.TIM_Config        main.o
    0x08003530   0x08003530   0x000000c8   Code   RO         1069    i.UART_AdvFeatureConfig  stm32f7xx_hal_uart.o
    0x080035f8   0x080035f8   0x0000003c   Code   RO         1070    i.UART_CheckIdleState  stm32f7xx_hal_uart.o
    0x08003634   0x08003634   0x00000254   Code   RO         1085    i.UART_SetConfig    stm32f7xx_hal_uart.o
    0x08003888   0x08003888   0x00000060   Code   RO         1088    i.UART_WaitOnFlagUntilTimeout  stm32f7xx_hal_uart.o
    0x080038e8   0x080038e8   0x00000002   Code   RO         3654    i.UsageFault_Handler  stm32f7xx_it.o
    0x080038ea   0x080038ea   0x00000022   Code   RO          913    i.__NVIC_SetPriority  stm32f7xx_hal_cortex.o
    0x0800390c   0x0800390c   0x00000004   PAD
    0x08003910   0x08003910   0x000000e0   Code   RO         4139    i.__hardfp_round    m_wm.l(round.o)
    0x080039f0   0x080039f0   0x0000000e   Code   RO         4189    i.__scatterload_copy  mc_w.l(handlers.o)
    0x080039fe   0x080039fe   0x00000002   Code   RO         4190    i.__scatterload_null  mc_w.l(handlers.o)
    0x08003a00   0x08003a00   0x0000000e   Code   RO         4191    i.__scatterload_zeroinit  mc_w.l(handlers.o)
    0x08003a0e   0x08003a0e   0x00000002   PAD
    0x08003a10   0x08003a10   0x000000dc   Code   RO         3810    i.findClosestNote   notes.o
    0x08003aec   0x08003aec   0x00000024   Code   RO         3811    i.getClosest        notes.o
    0x08003b10   0x08003b10   0x000001f4   Code   RO         3739    i.main              main.o
    0x08003d04   0x08003d04   0x0000000a   Data   RO           41    .constdata          stm32f7xx_nucleo_144.o
    0x08003d0e   0x08003d0e   0x00000010   Data   RO          306    .constdata          system_stm32f7xx.o
    0x08003d1e   0x08003d1e   0x00000008   Data   RO          307    .constdata          system_stm32f7xx.o
    0x08003d26   0x08003d26   0x00000008   Data   RO         1970    .constdata          stm32f7xx_hal_dma.o
    0x08003d2e   0x08003d2e   0x0000003c   Data   RO         3741    .constdata          main.o
    0x08003d6a   0x08003d6a   0x0000009a   Data   RO         3812    .constdata          notes.o
    0x08003e04   0x08003e04   0x00000134   Data   RO         3813    .constdata          notes.o
    0x08003f38   0x08003f38   0x000001db   Data   RO         3848    .constdata          oled.o
    0x08004113   0x08004113   0x00000001   PAD
    0x08004114   0x08004114   0x000007c0   Data   RO         4105    .rodata.armBitRevIndexTable_fixed_1024  arm_cortexM7lfsp_math.lib(arm_common_tables.o)
    0x080048d4   0x080048d4   0x000000e0   Data   RO         4102    .rodata.armBitRevIndexTable_fixed_128  arm_cortexM7lfsp_math.lib(arm_common_tables.o)
    0x080049b4   0x080049b4   0x00000018   Data   RO         4099    .rodata.armBitRevIndexTable_fixed_16  arm_cortexM7lfsp_math.lib(arm_common_tables.o)
    0x080049cc   0x080049cc   0x00000f80   Data   RO         4106    .rodata.armBitRevIndexTable_fixed_2048  arm_cortexM7lfsp_math.lib(arm_common_tables.o)
    0x0800594c   0x0800594c   0x000001e0   Data   RO         4103    .rodata.armBitRevIndexTable_fixed_256  arm_cortexM7lfsp_math.lib(arm_common_tables.o)
    0x08005b2c   0x08005b2c   0x00000030   Data   RO         4100    .rodata.armBitRevIndexTable_fixed_32  arm_cortexM7lfsp_math.lib(arm_common_tables.o)
    0x08005b5c   0x08005b5c   0x00001f80   Data   RO         4107    .rodata.armBitRevIndexTable_fixed_4096  arm_cortexM7lfsp_math.lib(arm_common_tables.o)
    0x08007adc   0x08007adc   0x000003c0   Data   RO         4104    .rodata.armBitRevIndexTable_fixed_512  arm_cortexM7lfsp_math.lib(arm_common_tables.o)
    0x08007e9c   0x08007e9c   0x00000070   Data   RO         4101    .rodata.armBitRevIndexTable_fixed_64  arm_cortexM7lfsp_math.lib(arm_common_tables.o)
    0x08007f0c   0x08007f0c   0x00000010   Data   RO         3985    .rodata.arm_cfft_sR_q15_len1024  arm_cortexM7lfsp_math.lib(arm_const_structs.o)
    0x08007f1c   0x08007f1c   0x00000010   Data   RO         3982    .rodata.arm_cfft_sR_q15_len128  arm_cortexM7lfsp_math.lib(arm_const_structs.o)
    0x08007f2c   0x08007f2c   0x00000010   Data   RO         3979    .rodata.arm_cfft_sR_q15_len16  arm_cortexM7lfsp_math.lib(arm_const_structs.o)
    0x08007f3c   0x08007f3c   0x00000010   Data   RO         3986    .rodata.arm_cfft_sR_q15_len2048  arm_cortexM7lfsp_math.lib(arm_const_structs.o)
    0x08007f4c   0x08007f4c   0x00000010   Data   RO         3983    .rodata.arm_cfft_sR_q15_len256  arm_cortexM7lfsp_math.lib(arm_const_structs.o)
    0x08007f5c   0x08007f5c   0x00000010   Data   RO         3980    .rodata.arm_cfft_sR_q15_len32  arm_cortexM7lfsp_math.lib(arm_const_structs.o)
    0x08007f6c   0x08007f6c   0x00000010   Data   RO         3987    .rodata.arm_cfft_sR_q15_len4096  arm_cortexM7lfsp_math.lib(arm_const_structs.o)
    0x08007f7c   0x08007f7c   0x00000010   Data   RO         3984    .rodata.arm_cfft_sR_q15_len512  arm_cortexM7lfsp_math.lib(arm_const_structs.o)
    0x08007f8c   0x08007f8c   0x00000010   Data   RO         3981    .rodata.arm_cfft_sR_q15_len64  arm_cortexM7lfsp_math.lib(arm_const_structs.o)
    0x08007f9c   0x08007f9c   0x00004000   Data   RO         3936    .rodata.realCoefAQ15  arm_cortexM7lfsp_math.lib(arm_rfft_init_q15.o)
    0x0800bf9c   0x0800bf9c   0x00004000   Data   RO         3937    .rodata.realCoefBQ15  arm_cortexM7lfsp_math.lib(arm_rfft_init_q15.o)
    0x0800ff9c   0x0800ff9c   0x00000c00   Data   RO         4085    .rodata.twiddleCoef_1024_q15  arm_cortexM7lfsp_math.lib(arm_common_tables.o)
    0x08010b9c   0x08010b9c   0x00000180   Data   RO         4082    .rodata.twiddleCoef_128_q15  arm_cortexM7lfsp_math.lib(arm_common_tables.o)
    0x08010d1c   0x08010d1c   0x00000030   Data   RO         4079    .rodata.twiddleCoef_16_q15  arm_cortexM7lfsp_math.lib(arm_common_tables.o)
    0x08010d4c   0x08010d4c   0x00001800   Data   RO         4086    .rodata.twiddleCoef_2048_q15  arm_cortexM7lfsp_math.lib(arm_common_tables.o)
    0x0801254c   0x0801254c   0x00000300   Data   RO         4083    .rodata.twiddleCoef_256_q15  arm_cortexM7lfsp_math.lib(arm_common_tables.o)
    0x0801284c   0x0801284c   0x00000060   Data   RO         4080    .rodata.twiddleCoef_32_q15  arm_cortexM7lfsp_math.lib(arm_common_tables.o)
    0x080128ac   0x080128ac   0x00003000   Data   RO         4087    .rodata.twiddleCoef_4096_q15  arm_cortexM7lfsp_math.lib(arm_common_tables.o)
    0x080158ac   0x080158ac   0x00000600   Data   RO         4084    .rodata.twiddleCoef_512_q15  arm_cortexM7lfsp_math.lib(arm_common_tables.o)
    0x08015eac   0x08015eac   0x000000c0   Data   RO         4081    .rodata.twiddleCoef_64_q15  arm_cortexM7lfsp_math.lib(arm_common_tables.o)
    0x08015f6c   0x08015f6c   0x00000020   Data   RO         4187    Region$$Table       anon$$obj.o


    Execution Region RW_IRAM1 (Exec base: 0x20000000, Load base: 0x08015f8c, Size: 0x0001c4c8, Max: 0x00050000, ABSOLUTE)

    Exec Addr    Load Addr    Size         Type   Attr      Idx    E Section Name        Object

    0x20000000   0x08015f8c   0x00000014   Data   RW           42    .data               stm32f7xx_nucleo_144.o
    0x20000014   0x08015fa0   0x00000004   Data   RW          308    .data               system_stm32f7xx.o
    0x20000018   0x08015fa4   0x0000000c   Data   RW         1481    .data               stm32f7xx_hal.o
    0x20000024   0x08015fb0   0x00000002   Data   RW         3743    .data               main.o
    0x20000026   0x08015fb2   0x00000001   Data   RW         3814    .data               notes.o
    0x20000027   0x08015fb3   0x00000004   Data   RW         3849    .data               oled.o
    0x2000002b   0x08015fb7   0x00000001   PAD
    0x2000002c        -       0x00000060   Zero   RW         3552    .bss                stm32f7xx_hal_msp.o
    0x2000008c        -       0x0001c038   Zero   RW         3740    .bss                main.o
    0x2001c0c4   0x08015fb7   0x00000004   PAD
    0x2001c0c8        -       0x00000400   Zero   RW            1    STACK               startup_stm32f746xx.o


==============================================================================

Image component sizes


      Code (inc. data)   RO Data    RW Data    ZI Data      Debug   Object Name

      1188         94         60          2     114744      43815   main.o
       256          8        462          1          0       2851   notes.o
       752         40        475          4          0       7431   oled.o
        36          8        456          0       1024        956   startup_stm32f746xx.o
       174         28          0         12          0      10903   stm32f7xx_hal.o
      1188         60          0          0          0       9017   stm32f7xx_hal_adc.o
       198         12          0          0          0      40395   stm32f7xx_hal_cortex.o
       930         16          8          0          0       6915   stm32f7xx_hal_dma.o
       496         54          0          0          0       3805   stm32f7xx_hal_gpio.o
       464         50          0          0         96      17450   stm32f7xx_hal_msp.o
       108          8          0          0          0       1584   stm32f7xx_hal_pwr_ex.o
      1284         64          0          0          0       6032   stm32f7xx_hal_rcc.o
      1276         16          0          0          0       2596   stm32f7xx_hal_rcc_ex.o
      1014          0          0          0          0       6478   stm32f7xx_hal_spi.o
       306         52          0          0          0       4184   stm32f7xx_hal_tim.o
        96          8          0          0          0       1692   stm32f7xx_hal_tim_ex.o
      1054         70          0          0          0       5933   stm32f7xx_hal_uart.o
        56         10          0          0          0       5812   stm32f7xx_it.o
       112         20         10         20          0     842702   stm32f7xx_nucleo_144.o
        84         16         24          4          0       1603   system_stm32f7xx.o

    ----------------------------------------------------------------------
     11096        634       1528         44     115868    1022154   Object Totals
         0          0         32          0          0          0   (incl. Generated)
        24          0          1          1          4          0   (incl. Padding)

    ----------------------------------------------------------------------

      Code (inc. data)   RO Data    RW Data    ZI Data      Debug   Library Member Name

        74          0          0          0          0       1254   arm_bitreversal2.o
       620          0          0          0          0       4375   arm_cfft_q15.o
      1152          0          0          0          0      10551   arm_cfft_radix4_q15.o
         0          0      40392          0          0       3698   arm_common_tables.o
         0          0        144          0          0       3827   arm_const_structs.o
       562          0          0          0          0       4164   arm_fir_decimate_fast_q15.o
        56          0          0          0          0       1589   arm_fir_decimate_init_q15.o
       212          0      32768          0          0       1870   arm_rfft_init_q15.o
       224         30          0          0          0        172   round.o
         0          0          0          0          0          0   entry.o
         0          0          0          0          0          0   entry10a.o
         0          0          0          0          0          0   entry11a.o
         8          4          0          0          0          0   entry2.o
         4          0          0          0          0          0   entry5.o
         0          0          0          0          0          0   entry7b.o
         0          0          0          0          0          0   entry8b.o
         8          4          0          0          0          0   entry9a.o
        30          0          0          0          0          0   handlers.o
        36          8          0          0          0         68   init.o
         0          0          0          0          0          0   iusefp.o
        30          0          0          0          0         68   llshl.o
        36          0          0          0          0         68   llsshr.o
        32          0          0          0          0         68   llushr.o
        36          0          0          0          0        108   memseta.o
        98          0          0          0          0         92   uldiv.o
        48          0          0          0          0         68   cdcmple.o
        48          0          0          0          0         68   cdrcmple.o
       334          0          0          0          0        148   dadd.o
       186          0          0          0          0        176   depilogue.o
        50          0          0          0          0         76   dfixui.o
       136          4          0          0          0         92   drnd.o
        38          0          0          0          0         68   f2d.o

    ----------------------------------------------------------------------
      4068         50      73304          0          0      32668   Library Totals
        10          0          0          0          0          0   (incl. Padding)

    ----------------------------------------------------------------------

      Code (inc. data)   RO Data    RW Data    ZI Data      Debug   Library Name

      2676          0      73304          0          0      31328   arm_cortexM7lfsp_math.lib
       224         30          0          0          0        172   m_wm.l
       318         16          0          0          0        472   mc_w.l
       840          4          0          0          0        696   mf_w.l

    ----------------------------------------------------------------------
      4068         50      73304          0          0      32668   Library Totals

    ----------------------------------------------------------------------

==============================================================================


      Code (inc. data)   RO Data    RW Data    ZI Data      Debug   

     15164        684      74832         44     115868    1046126   Grand Totals
     15164        684      74832         44     115868    1046126   ELF Image Totals
     15164        684      74832         44          0          0   ROM Totals

==============================================================================

    Total RO  Size (Code + RO Data)                89996 (  87.89kB)
    Total RW  Size (RW Data + ZI Data)            115912 ( 113.20kB)
    Total ROM Size (Code + RO Data + RW Data)      90040 (  87.93kB)

==============================================================================

